Archive member included to satisfy reference by file (symbol)

C:/DevkitPro/libnds/lib\libmm9.a(mm_comms.o)
                              proyectofinal.o (mmStart)
C:/DevkitPro/libnds/lib\libmm9.a(mm_memory.o)
                              proyectofinal.o (mmLoad)
C:/DevkitPro/libnds/lib\libmm9.a(mm_main9.o)
                              C:/DevkitPro/libnds/lib\libmm9.a(mm_memory.o) (mmcbMemory)
C:/DevkitPro/libnds/lib\libmm9.a(mm_soundbank.o)
                              C:/DevkitPro/libnds/lib\libmm9.a(mm_main9.o) (mmSoundBankInMemory)
C:/DevkitPro/libnds/lib\libmm9.a(mm_flusher.o)
                              C:/DevkitPro/libnds/lib\libmm9.a(mm_memory.o) (mmFlushBank)
C:/DevkitPro/libnds/lib\libnds9.a(keys.o)
                              proyectofinal.o (scanKeys)
C:/DevkitPro/libnds/lib\libnds9.a(initSystem.o)
                              C:/DevkitPro/devkitARM/bin/../lib/gcc/arm-none-eabi/13.2.0/../../../../arm-none-eabi/lib/thumb/ds_arm9_crt0.o (initSystem)
C:/DevkitPro/libnds/lib\libnds9.a(securearea.o)
                              C:/DevkitPro/devkitARM/bin/../lib/gcc/arm-none-eabi/13.2.0/../../../../arm-none-eabi/lib/thumb/ds_arm9_crt0.o (__secure_area__)
C:/DevkitPro/libnds/lib\libnds9.a(interrupts.o)
                              proyectofinal.o (irqSet)
C:/DevkitPro/libnds/lib\libnds9.a(libnds_exit.arm.o)
                              C:/DevkitPro/devkitARM/bin/../lib/gcc/arm-none-eabi/13.2.0/../../../../arm-none-eabi/lib/thumb/ds_arm9_crt0.o (__libnds_exit)
C:/DevkitPro/libnds/lib\libnds9.a(fifosystem.o)
                              C:/DevkitPro/libnds/lib\libmm9.a(mm_comms.o) (fifoSetValue32Handler)
C:/DevkitPro/libnds/lib\libnds9.a(mpu_setup.o)
                              C:/DevkitPro/devkitARM/bin/../lib/gcc/arm-none-eabi/13.2.0/../../../../arm-none-eabi/lib/thumb/ds_arm9_crt0.o (__libnds_mpu_setup)
C:/DevkitPro/libnds/lib\libnds9.a(IntrWait.o)
                              proyectofinal.o (swiWaitForVBlank)
C:/DevkitPro/libnds/lib\libnds9.a(cpu_clock.o)
                              C:/DevkitPro/libnds/lib\libnds9.a(initSystem.o) (setCpuClock)
C:/DevkitPro/libnds/lib\libnds9.a(interruptDispatcher.o)
                              C:/DevkitPro/libnds/lib\libnds9.a(interrupts.o) (IntrMain)
C:/DevkitPro/libnds/lib\libnds9.a(swiSoftReset.o)
                              C:/DevkitPro/libnds/lib\libnds9.a(fifosystem.o) (swiSoftReset)
C:/DevkitPro/libnds/lib\libnds9.a(video.o)
                              C:/DevkitPro/libnds/lib\libnds9.a(initSystem.o) (vramDefault)
C:/DevkitPro/libnds/lib\libnds9.a(system.o)
                              C:/DevkitPro/libnds/lib\libnds9.a(initSystem.o) (systemValueHandler)
C:/DevkitPro/libnds/lib\libnds9.a(biosCalls.o)
                              C:/DevkitPro/libnds/lib\libnds9.a(system.o) (swiDelay)
C:/DevkitPro/devkitARM/bin/../lib/gcc/arm-none-eabi/13.2.0/thumb\libgcc.a(_udivsi3.o)
                              proyectofinal.o (__aeabi_uidiv)
C:/DevkitPro/devkitARM/bin/../lib/gcc/arm-none-eabi/13.2.0/thumb\libgcc.a(_divsi3.o)
                              proyectofinal.o (__aeabi_idiv)
C:/DevkitPro/devkitARM/bin/../lib/gcc/arm-none-eabi/13.2.0/thumb\libgcc.a(_dvmd_tls.o)
                              C:/DevkitPro/devkitARM/bin/../lib/gcc/arm-none-eabi/13.2.0/thumb\libgcc.a(_udivsi3.o) (__aeabi_idiv0)
C:/DevkitPro/devkitARM/bin/../lib/gcc/arm-none-eabi/13.2.0/../../../../arm-none-eabi/lib/thumb\libg.a(libc_a-fclose.o)
                              C:/DevkitPro/libnds/lib\libmm9.a(mm_main9.o) (fclose)
C:/DevkitPro/devkitARM/bin/../lib/gcc/arm-none-eabi/13.2.0/../../../../arm-none-eabi/lib/thumb\libg.a(libc_a-malloc.o)
                              C:/DevkitPro/libnds/lib\libmm9.a(mm_main9.o) (malloc)
C:/DevkitPro/devkitARM/bin/../lib/gcc/arm-none-eabi/13.2.0/../../../../arm-none-eabi/lib/thumb\libg.a(libc_a-mallocr.o)
                              C:/DevkitPro/devkitARM/bin/../lib/gcc/arm-none-eabi/13.2.0/../../../../arm-none-eabi/lib/thumb\libg.a(libc_a-malloc.o) (_malloc_r)
C:/DevkitPro/devkitARM/bin/../lib/gcc/arm-none-eabi/13.2.0/../../../../arm-none-eabi/lib/thumb\libg.a(libc_a-mlock.o)
                              C:/DevkitPro/devkitARM/bin/../lib/gcc/arm-none-eabi/13.2.0/../../../../arm-none-eabi/lib/thumb\libg.a(libc_a-mallocr.o) (__malloc_lock)
C:/DevkitPro/devkitARM/bin/../lib/gcc/arm-none-eabi/13.2.0/../../../../arm-none-eabi/lib/thumb\libg.a(libc_a-fopen.o)
                              C:/DevkitPro/libnds/lib\libmm9.a(mm_main9.o) (fopen)
C:/DevkitPro/devkitARM/bin/../lib/gcc/arm-none-eabi/13.2.0/../../../../arm-none-eabi/lib/thumb\libg.a(libc_a-fflush.o)
                              C:/DevkitPro/devkitARM/bin/../lib/gcc/arm-none-eabi/13.2.0/../../../../arm-none-eabi/lib/thumb\libg.a(libc_a-fclose.o) (__sflush_r)
C:/DevkitPro/devkitARM/bin/../lib/gcc/arm-none-eabi/13.2.0/../../../../arm-none-eabi/lib/thumb\libg.a(libc_a-fwalk.o)
[...]
Memory Configuration

Name             Origin             Length             Attributes
ewram            0x02000000         0x00380000
dtcm             0x02ff0000         0x00004000
vectors          0x01000000         0x00000100
itcm             0x01000100         0x00007f00
*default*        0x00000000         0xffffffff

Linker script and memory map

                0x02380000                        __ewram_end = (ORIGIN (ewram) + LENGTH (ewram))
                0x02380000                        __eheap_end = (ORIGIN (ewram) + LENGTH (ewram))
                0x02ff4000                        __dtcm_top = (ORIGIN (dtcm) + LENGTH (dtcm))
                0x02ff3ff8                        __irq_flags = (__dtcm_top - 0x8)
                0x02ff3ffc                        __irq_vector = (__dtcm_top - 0x4)
                0x02ff3f00                        __sp_svc = (__dtcm_top - 0x100)
                0x02ff3e00                        __sp_irq = (__sp_svc - 0x100)
                0x02ff3d00                        __sp_usr = (__sp_irq - 0x100)

.secure         0x02000000      0x800
 *(.secure)
 .secure        0x02000000      0x800 C:/DevkitPro/libnds/lib\libnds9.a(securearea.o)
                0x02000000                __secure_area__

.crt0           0x02000800      0x300
                0x02000800                        __text_start = .
 *(.crt0)
 .crt0          0x02000800      0x300 C:/DevkitPro/devkitARM/bin/../lib/gcc/arm-none-eabi/13.2.0/../../../../arm-none-eabi/lib/thumb/ds_arm9_crt0.o
                0x02000800                _start
                0x02000b00                        . = ALIGN (0x4)

.plt
 *(.plt)

.init           0x02000b00        0xc
 *(SORT_NONE(.init))
 .init          0x02000b00        0x4 C:/DevkitPro/devkitARM/bin/../lib/gcc/arm-none-eabi/13.2.0/thumb/crti.o
                0x02000b00                _init
 .init          0x02000b04        0x8 C:/DevkitPro/devkitARM/bin/../lib/gcc/arm-none-eabi/13.2.0/thumb/crtn.o

.text           0x02000b10     0x66f0
 *(EXCLUDE_FILE(*.twl* *.vectors* *.itcm*) .text)
 .text          0x02000b10     0x18bc proyectofinal.o
                0x02000b10                timer4
                0x02000b74                timer_personas
                0x02000c4c                timer3
                0x02000c74                ConfigurarInterrupciones
                0x02000d08                Print_numeros
                0x02000f38                InicializarJuego
                0x020011bc                PantallaInicio
                0x0200133c                MostrarOpcion
                0x02001468                MoverSelector
                0x020015a8                Print_necesidades
                0x02002138                botones_habilitados
                0x02002190                MoverSim
                0x020021a4                Muerte
                0x0200223c                timer_necesidades
 .text          0x020023cc      0x24c C:/DevkitPro/libnds/lib\libmm9.a(mm_comms.o)
                0x020023cc                mmSetupComms
                0x0200241e                mmSendBank
                0x02002428                mmLockChannels
                0x0200242e                mmUnlockChannels
                0x02002434                mmStart
                0x0200243e                mmPause
                0x02002442                mmResume
                0x02002446                mmStop
                0x0200244a                mmPosition
                0x0200244e                mmJingle
                0x02002452                mmSetModuleVolume
                0x02002456                mmSetJingleVolume
                0x0200245a                mmSetModuleTempo
                0x0200245e                mmSetModulePitch
                0x02002462                mmSetEffectsVolume
                0x02002466                mmSelectMode
                0x0200246a                mmStreamBegin
                0x0200247e                mmStreamEnd
                0x020024d4                mmEffect
                0x020024f8                mmEffectVolume
                0x020024fc                mmEffectPanning
                0x02002500                mmEffectRate
                0x0200250a                mmEffectScaleRate
                0x02002514                mmEffectRelease
                0x0200251a                mmEffectCancel
                0x02002520                mmEffectEx
                0x0200255e                mmEffectCancelAll
                0x02002562                mmReverbEnable
                0x02002566                mmReverbDisable
                0x0200256a                mmReverbConfigure
                0x020025c6                mmReverbStart
                0x020025ca                mmReverbStop
 .text          0x02002618      0x120 C:/DevkitPro/libnds/lib\libmm9.a(mm_memory.o)
                0x02002618                mmLoad
                0x02002668                mmUnload
                0x020026c0                mmLoadEffect
                0x020026f8                mmUnloadEffect
 .text          0x02002738      0x108 C:/DevkitPro/libnds/lib\libmm9.a(mm_main9.o)
                0x02002738                mmActive
                0x0200273e                mmSetEventHandler
                0x02002744                mmInit
                0x0200276e                mmInitDefault
                0x020027b8                mmInitDefaultMem
                0x020027da                mmSuspendIRQ_t
                0x020027f8                mmRestoreIRQ_t
 .text          0x02002840      0x100 C:/DevkitPro/libnds/lib\libmm9.a(mm_soundbank.o)
                0x02002840                mmSoundBankInMemory
                0x02002848                mmSoundBankInFiles
                0x0200285a                mmSetCustomSoundBankHandler
                0x02002886                mmsHandleFileOp
 .text          0x02002940       0x3c C:/DevkitPro/libnds/lib\libmm9.a(mm_flusher.o)
                0x02002940                mmFlushBank
 .text          0x0200297c      0x11c C:/DevkitPro/devkitARM/bin/../lib/gcc/arm-none-eabi/13.2.0/thumb\libgcc.a(_udivsi3.o)
                0x0200297c                __aeabi_uidiv
                0x0200297c                __udivsi3
                0x02002a78                __aeabi_uidivmod
 .text          0x02002a98      0x150 C:/DevkitPro/devkitARM/bin/../lib/gcc/arm-none-eabi/13.2.0/thumb\libgcc.a(_divsi3.o)
                0x02002a98                __divsi3
                0x02002a98                __aeabi_idiv
                0x02002bc8                __aeabi_idivmod
 .text          0x02002be8        0x4 C:/DevkitPro/devkitARM/bin/../lib/gcc/arm-none-eabi/13.2.0/thumb\libgcc.a(_dvmd_tls.o)
                0x02002be8                __aeabi_idiv0
                0x02002be8                __aeabi_ldiv0
 *(EXCLUDE_FILE(*.twl* *.vectors* *.itcm*) .stub)
 *(EXCLUDE_FILE(*.twl* *.vectors* *.itcm*) .text.*)
 .text.__do_global_dtors_aux
                0x02002bec       0x2c C:/DevkitPro/devkitARM/bin/../lib/gcc/arm-none-eabi/13.2.0/thumb/crtbegin.o
 .text.frame_dummy
                0x02002c18       0x24 C:/DevkitPro/devkitARM/bin/../lib/gcc/arm-none-eabi/13.2.0/thumb/crtbegin.o
 .text.startup  0x02002c3c     0x1158 proyectofinal.o
                0x02002c3c                main
 .text.scanKeys
                0x02003d94       0x8c C:/DevkitPro/libnds/lib\libnds9.a(keys.o)
                0x02003d94                scanKeys
 .text.keysDown
                0x02003e20       0x14 C:/DevkitPro/libnds/lib\libnds9.a(keys.o)
                0x02003e20                keysDown
 .text.initSystem
                0x02003e34      0x180 C:/DevkitPro/libnds/lib\libnds9.a(initSystem.o)
                0x02003e34                initSystem
 .text.irqDummy
                0x02003fb4        0x4 C:/DevkitPro/libnds/lib\libnds9.a(interrupts.o)
                0x02003fb4                irqDummy
 .text.irqSet   0x02003fb8       0x6c C:/DevkitPro/libnds/lib\libnds9.a(interrupts.o)
                0x02003fb8                irqSet
 .text.irqInit  0x02004024       0x50 C:/DevkitPro/libnds/lib\libnds9.a(interrupts.o)
                0x02004024                irqInit
 .text.irqEnable
                0x02004074       0x64 C:/DevkitPro/libnds/lib\libnds9.a(interrupts.o)
                0x02004074                irqEnable
 .text.irqDisable
                0x020040d8       0x64 C:/DevkitPro/libnds/lib\libnds9.a(interrupts.o)
                0x020040d8                irqDisable
 .text.systemErrorExit
                0x0200413c        0x4 C:/DevkitPro/libnds/lib\libnds9.a(libnds_exit.arm.o)
                0x0200413c                systemErrorExit
 .text.__libnds_exit
                0x02004140       0x5c C:/DevkitPro/libnds/lib\libnds9.a(libnds_exit.arm.o)
                0x02004140                __libnds_exit
 .text.fifo_queueBlock
                0x0200419c       0x44 C:/DevkitPro/libnds/lib\libnds9.a(fifosystem.o)
 .text.fifo_waitBlock
                0x020041e0       0x80 C:/DevkitPro/libnds/lib\libnds9.a(fifosystem.o)
 .text.fifoInternalSend.part.0
                0x02004260       0xd4 C:/DevkitPro/libnds/lib\libnds9.a(fifosystem.o)
 .text.fifoInternalSendInterrupt
                0x02004334       0xb0 C:/DevkitPro/libnds/lib\libnds9.a(fifosystem.o)
 .text.fifoSetValue32Handler
                0x020043e4       0xd4 C:/DevkitPro/libnds/lib\libnds9.a(fifosystem.o)
                0x020043e4                fifoSetValue32Handler
 .text.fifoSendValue32
                0x020044b8       0x4c C:/DevkitPro/libnds/lib\libnds9.a(fifosystem.o)
                0x020044b8                fifoSendValue32
 .text.fifoSendDatamsg
                0x02004504       0x90 C:/DevkitPro/libnds/lib\libnds9.a(fifosystem.o)
                0x02004504                fifoSendDatamsg
 .text.fifoGetDatamsg
                0x02004594       0xf4 C:/DevkitPro/libnds/lib\libnds9.a(fifosystem.o)
                0x02004594                fifoGetDatamsg
 .text.fifoInternalRecvInterrupt
                0x02004688      0x37c C:/DevkitPro/libnds/lib\libnds9.a(fifosystem.o)
 .text.fifoSetDatamsgHandler
                0x02004a04       0x9c C:/DevkitPro/libnds/lib\libnds9.a(fifosystem.o)
                0x02004a04                fifoSetDatamsgHandler
 .text.fifoInit
                0x02004aa0      0x108 C:/DevkitPro/libnds/lib\libnds9.a(fifosystem.o)
                0x02004aa0                fifoInit
 .text.__libnds_mpu_setup
                0x02004ba8      0x174 C:/DevkitPro/libnds/lib\libnds9.a(mpu_setup.o)
                0x02004ba8                __libnds_mpu_setup
 .text.memUncached
                0x02004d1c       0x20 C:/DevkitPro/libnds/lib\libnds9.a(mpu_setup.o)
                0x02004d1c                memUncached
 .text.swiWaitForVBlank
                0x02004d3c        0x8 C:/DevkitPro/libnds/lib\libnds9.a(IntrWait.o)
                0x02004d3c                swiWaitForVBlank
 .text.swiIntrWait
                0x02004d44       0x70 C:/DevkitPro/libnds/lib\libnds9.a(IntrWait.o)
                0x02004d44                swiIntrWait
 .text.setCpuClock
                0x02004db4       0x50 C:/DevkitPro/libnds/lib\libnds9.a(cpu_clock.o)
                0x02004db4                setCpuClock
 .text.swiSoftReset
                0x02004e04       0x2c C:/DevkitPro/libnds/lib\libnds9.a(swiSoftReset.o)
                0x02004e04                swiSoftReset
 .text.vramDefault
                0x02004e30       0xd0 C:/DevkitPro/libnds/lib\libnds9.a(video.o)
                0x02004e30                vramDefault
 .text.systemValueHandler
                0x02004f00       0x48 C:/DevkitPro/libnds/lib\libnds9.a(system.o)
                0x02004f00                systemValueHandler
 .text.systemMsgHandler
                0x02004f48       0x60 C:/DevkitPro/libnds/lib\libnds9.a(system.o)
                0x02004f48                systemMsgHandler
 .text.powerOn  0x02004fa8       0x2c C:/DevkitPro/libnds/lib\libnds9.a(system.o)
                0x02004fa8                powerOn
 .text.swiDelay
                0x02004fd4        0x4 C:/DevkitPro/libnds/lib\libnds9.a(biosCalls.o)
                0x02004fd4                swiDelay
 .text._fclose_r
                0x02004fd8       0xd8 C:/DevkitPro/devkitARM/bin/../lib/gcc/arm-none-eabi/13.2.0/../../../../arm-none-eabi/lib/thumb\libg.a(libc_a-fclose.o)
                0x02004fd8                _fclose_r
 .text.fclose   0x020050b0       0x14 C:/DevkitPro/devkitARM/bin/../lib/gcc/arm-none-eabi/13.2.0/../../../../arm-none-eabi/lib/thumb\libg.a(libc_a-fclose.o)
                0x020050b0                fclose
 .text.malloc   0x020050c4       0x14 C:/DevkitPro/devkitARM/bin/../lib/gcc/arm-none-eabi/13.2.0/../../../../arm-none-eabi/lib/thumb\libg.a(libc_a-malloc.o)
                0x020050c4                malloc
 .text.free     0x020050d8       0x14 C:/DevkitPro/devkitARM/bin/../lib/gcc/arm-none-eabi/13.2.0/../../../../arm-none-eabi/lib/thumb\libg.a(libc_a-malloc.o)
                0x020050d8                free
 .text._malloc_r
                0x020050ec      0x558 C:/DevkitPro/devkitARM/bin/../lib/gcc/arm-none-eabi/13.2.0/../../../../arm-none-eabi/lib/thumb\libg.a(libc_a-mallocr.o)
                0x020050ec                _malloc_r
 .text.__malloc_lock
                0x02005644       0x14 C:/DevkitPro/devkitARM/bin/../lib/gcc/arm-none-eabi/13.2.0/../../../../arm-none-eabi/lib/thumb\libg.a(libc_a-mlock.o)
                0x02005644                __malloc_lock
 .text.__malloc_unlock
                0x02005658       0x14 C:/DevkitPro/devkitARM/bin/../lib/gcc/arm-none-eabi/13.2.0/../../../../arm-none-eabi/lib/thumb\libg.a(libc_a-mlock.o)
                0x02005658                __malloc_unlock
 .text._fopen_r
                0x0200566c       0xb8 C:/DevkitPro/devkitARM/bin/../lib/gcc/arm-none-eabi/13.2.0/../../../../arm-none-eabi/lib/thumb\libg.a(libc_a-fopen.o)
                0x0200566c                _fopen_r
 .text.fopen    0x02005724       0x18 C:/DevkitPro/devkitARM/bin/../lib/gcc/arm-none-eabi/13.2.0/../../../../arm-none-eabi/lib/thumb\libg.a(libc_a-fopen.o)
                0x02005724                fopen
 .text.__sflush_r
                0x0200573c      0x188 C:/DevkitPro/devkitARM/bin/../lib/gcc/arm-none-eabi/13.2.0/../../../../arm-none-eabi/lib/thumb\libg.a(libc_a-fflush.o)
                0x0200573c                __sflush_r
 .text._fflush_r
                0x020058c4       0x70 C:/DevkitPro/devkitARM/bin/../lib/gcc/arm-none-eabi/13.2.0/../../../../arm-none-eabi/lib/thumb\libg.a(libc_a-fflush.o)
                0x020058c4                _fflush_r
 .text._fwalk_sglue
                0x02005934       0x4c C:/DevkitPro/devkitARM/bin/../lib/gcc/arm-none-eabi/13.2.0/../../../../arm-none-eabi/lib/thumb\libg.a(libc_a-fwalk.o)
                0x02005934                _fwalk_sglue
 .text._fread_r
                0x02005980      0x224 C:/DevkitPro/devkitARM/bin/../lib/gcc/arm-none-eabi/13.2.0/../../../../arm-none-eabi/lib/thumb\libg.a(libc_a-fread.o)
                0x02005980                _fread_r
 .text.fread    0x02005ba4       0x24 C:/DevkitPro/devkitARM/bin/../lib/gcc/arm-none-eabi/13.2.0/../../../../arm-none-eabi/lib/thumb\libg.a(libc_a-fread.o)
                0x02005ba4                fread
 .text.stdio_exit_handler
                0x02005bc8       0x20 C:/DevkitPro/devkitARM/bin/../lib/gcc/arm-none-eabi/13.2.0/../../../../arm-none-eabi/lib/thumb\libg.a(libc_a-findfp.o)
 .text.cleanup_stdio
                0x02005be8       0x40 C:/DevkitPro/devkitARM/bin/../lib/gcc/arm-none-eabi/13.2.0/../../../../arm-none-eabi/lib/thumb\libg.a(libc_a-findfp.o)
 .text.global_stdio_init.part.0
                0x02005c28      0x128 C:/DevkitPro/devkitARM/bin/../lib/gcc/arm-none-eabi/13.2.0/../../../../arm-none-eabi/lib/thumb\libg.a(libc_a-findfp.o)
 .text.__sfp    0x02005d50       0xcc C:/DevkitPro/devkitARM/bin/../lib/gcc/arm-none-eabi/13.2.0/../../../../arm-none-eabi/lib/thumb\libg.a(libc_a-findfp.o)
                0x02005d50                __sfp
 .text.__sinit  0x02005e1c       0x3c C:/DevkitPro/devkitARM/bin/../lib/gcc/arm-none-eabi/13.2.0/../../../../arm-none-eabi/lib/thumb\libg.a(libc_a-findfp.o)
                0x02005e1c                __sinit
 .text.__sfp_lock_acquire
                0x02005e58       0x14 C:/DevkitPro/devkitARM/bin/../lib/gcc/arm-none-eabi/13.2.0/../../../../arm-none-eabi/lib/thumb\libg.a(libc_a-findfp.o)
                0x02005e58                __sfp_lock_acquire
 .text.__sfp_lock_release
                0x02005e6c       0x14 C:/DevkitPro/devkitARM/bin/../lib/gcc/arm-none-eabi/13.2.0/../../../../arm-none-eabi/lib/thumb\libg.a(libc_a-findfp.o)
                0x02005e6c                __sfp_lock_release
 .text._fseek_r
                0x02005e80       0x18 C:/DevkitPro/devkitARM/bin/../lib/gcc/arm-none-eabi/13.2.0/../../../../arm-none-eabi/lib/thumb\libg.a(libc_a-fseek.o)
                0x02005e80                _fseek_r
 .text.fseek    0x02005e98       0x24 C:/DevkitPro/devkitARM/bin/../lib/gcc/arm-none-eabi/13.2.0/../../../../arm-none-eabi/lib/thumb\libg.a(libc_a-fseek.o)
                0x02005e98                fseek
 .text.memcpy   0x02005ebc       0x90 C:/DevkitPro/devkitARM/bin/../lib/gcc/arm-none-eabi/13.2.0/../../../../arm-none-eabi/lib/thumb\libg.a(libc_a-memcpy-stub.o)
                0x02005ebc                memcpy
 .text.__libc_init_array
                0x02005f4c       0x54 C:/DevkitPro/devkitARM/bin/../lib/gcc/arm-none-eabi/13.2.0/../../../../arm-none-eabi/lib/thumb\libg.a(libc_a-init.o)
                0x02005f4c                __libc_init_array
 .text.__smakebuf_r
                0x02005fa0       0xe8 C:/DevkitPro/devkitARM/bin/../lib/gcc/arm-none-eabi/13.2.0/../../../../arm-none-eabi/lib/thumb\libg.a(libc_a-makebuf.o)
                0x02005fa0                __smakebuf_r
 .text.lflush   0x02006088       0x24 C:/DevkitPro/devkitARM/bin/../lib/gcc/arm-none-eabi/13.2.0/../../../../arm-none-eabi/lib/thumb\libg.a(libc_a-refill.o)
 .text.__srefill_r
                0x020060ac      0x10c C:/DevkitPro/devkitARM/bin/../lib/gcc/arm-none-eabi/13.2.0/../../../../arm-none-eabi/lib/thumb\libg.a(libc_a-refill.o)
                0x020060ac                __srefill_r
 .text.__sread  0x020061b8       0x34 C:/DevkitPro/devkitARM/bin/../lib/gcc/arm-none-eabi/13.2.0/../../../../arm-none-eabi/lib/thumb\libg.a(libc_a-stdio.o)
                0x020061b8                __sread
 .text.__swrite
                0x020061ec       0x4c C:/DevkitPro/devkitARM/bin/../lib/gcc/arm-none-eabi/13.2.0/../../../../arm-none-eabi/lib/thumb\libg.a(libc_a-stdio.o)
                0x020061ec                __swrite
 .text.__sseek  0x02006238       0x44 C:/DevkitPro/devkitARM/bin/../lib/gcc/arm-none-eabi/13.2.0/../../../../arm-none-eabi/lib/thumb\libg.a(libc_a-stdio.o)
                0x02006238                __sseek
 .text.__sclose
                0x0200627c       0x10 C:/DevkitPro/devkitARM/bin/../lib/gcc/arm-none-eabi/13.2.0/../../../../arm-none-eabi/lib/thumb\libg.a(libc_a-stdio.o)
                0x0200627c                __sclose
 .text._malloc_trim_r
                0x0200628c       0xac C:/DevkitPro/devkitARM/bin/../lib/gcc/arm-none-eabi/13.2.0/../../../../arm-none-eabi/lib/thumb\libg.a(libc_a-freer.o)
                0x0200628c                _malloc_trim_r
 .text._free_r  0x02006338      0x1d8 C:/DevkitPro/devkitARM/bin/../lib/gcc/arm-none-eabi/13.2.0/../../../../arm-none-eabi/lib/thumb\libg.a(libc_a-freer.o)
                0x02006338                _free_r
 .text._fseeko_r
                0x02006510      0x414 C:/DevkitPro/devkitARM/bin/../lib/gcc/arm-none-eabi/13.2.0/../../../../arm-none-eabi/lib/thumb\libg.a(libc_a-fseeko.o)
                0x02006510                _fseeko_r
 .text.memset   0x02006924       0xb0 C:/DevkitPro/devkitARM/bin/../lib/gcc/arm-none-eabi/13.2.0/../../../../arm-none-eabi/lib/thumb\libg.a(libc_a-memset.o)
                0x02006924                memset
 .text.__sflags
                0x020069d4       0xa4 C:/DevkitPro/devkitARM/bin/../lib/gcc/arm-none-eabi/13.2.0/../../../../arm-none-eabi/lib/thumb\libg.a(libc_a-flags.o)
                0x020069d4                __sflags
 .text.build_argv
                0x02006a78       0x54 C:/DevkitPro/devkitARM/bin/../lib/gcc/arm-none-eabi/13.2.0/../../../../arm-none-eabi/lib/thumb\libsysbase.a(libsysbase_libsysbase_a-build_argv.o)
                0x02006a78                build_argv
 .text._fstat_r
                0x02006acc       0x4c C:/DevkitPro/devkitARM/bin/../lib/gcc/arm-none-eabi/13.2.0/../../../../arm-none-eabi/lib/thumb\libsysbase.a(libsysbase_libsysbase_a-fstat.o)
                0x02006acc                _fstat_r
 .text.__getreent
                0x02006b18       0x20 C:/DevkitPro/devkitARM/bin/../lib/gcc/arm-none-eabi/13.2.0/../../../../arm-none-eabi/lib/thumb\libsysbase.a(libsysbase_libsysbase_a-getreent.o)
                0x02006b18                __getreent
 .text.__release_handle
                0x02006b38       0x68 C:/DevkitPro/devkitARM/bin/../lib/gcc/arm-none-eabi/13.2.0/../../../../arm-none-eabi/lib/thumb\libsysbase.a(libsysbase_libsysbase_a-handle_manager.o)
                0x02006b38                __release_handle
 .text.__alloc_handle
                0x02006ba0       0x7c C:/DevkitPro/devkitARM/bin/../lib/gcc/arm-none-eabi/13.2.0/../../../../arm-none-eabi/lib/thumb\libsysbase.a(libsysbase_libsysbase_a-handle_manager.o)
                0x02006ba0                __alloc_handle
 .text.__get_handle
                0x02006c1c       0x34 C:/DevkitPro/devkitARM/bin/../lib/gcc/arm-none-eabi/13.2.0/../../../../arm-none-eabi/lib/thumb\libsysbase.a(libsysbase_libsysbase_a-handle_manager.o)
                0x02006c1c                __get_handle
 .text._close_r
                0x02006c50       0xb8 C:/DevkitPro/devkitARM/bin/../lib/gcc/arm-none-eabi/13.2.0/../../../../arm-none-eabi/lib/thumb\libsysbase.a(libsysbase_libsysbase_a-handle_manager.o)
                0x02006c50                _close_r
 .text.null_write
                0x02006d08        0x4 C:/DevkitPro/devkitARM/bin/../lib/gcc/arm-none-eabi/13.2.0/../../../../arm-none-eabi/lib/thumb\libsysbase.a(libsysbase_libsysbase_a-iosupport.o)
 .text.FindDevice
                0x02006d0c       0x98 C:/DevkitPro/devkitARM/bin/../lib/gcc/arm-none-eabi/13.2.0/../../../../arm-none-eabi/lib/thumb\libsysbase.a(libsysbase_libsysbase_a-iosupport.o)
                0x02006d0c                FindDevice
 .text._isatty_r
                0x02006da4        0x4 C:/DevkitPro/devkitARM/bin/../lib/gcc/arm-none-eabi/13.2.0/../../../../arm-none-eabi/lib/thumb\libsysbase.a(libsysbase_libsysbase_a-isatty.o)
                0x02006da4                _isatty_r
 .text._lseek_r
                0x02006da8       0x5c C:/DevkitPro/devkitARM/bin/../lib/gcc/arm-none-eabi/13.2.0/../../../../arm-none-eabi/lib/thumb\libsysbase.a(libsysbase_libsysbase_a-lseek.o)
                0x02006da8                _lseek_r
 .text._open_r  0x02006e04       0x98 C:/DevkitPro/devkitARM/bin/../lib/gcc/arm-none-eabi/13.2.0/../../../../arm-none-eabi/lib/thumb\libsysbase.a(libsysbase_libsysbase_a-open.o)
                0x02006e04                _open_r
 .text._read_r  0x02006e9c       0x50 C:/DevkitPro/devkitARM/bin/../lib/gcc/arm-none-eabi/13.2.0/../../../../arm-none-eabi/lib/thumb\libsysbase.a(libsysbase_libsysbase_a-read.o)
                0x02006e9c                _read_r
 .text._sbrk_r  0x02006eec       0x54 C:/DevkitPro/devkitARM/bin/../lib/gcc/arm-none-eabi/13.2.0/../../../../arm-none-eabi/lib/thumb\libsysbase.a(libsysbase_libsysbase_a-sbrk.o)
                0x02006eec                _sbrk_r
 .text.__libc_lock_acquire
                0x02006f40       0x18 C:/DevkitPro/devkitARM/bin/../lib/gcc/arm-none-eabi/13.2.0/../../../../arm-none-eabi/lib/thumb\libsysbase.a(libsysbase_libsysbase_a-syscall_support.o)
                0x02006f40                __libc_lock_acquire
 .text.__libc_lock_release
                0x02006f58       0x18 C:/DevkitPro/devkitARM/bin/../lib/gcc/arm-none-eabi/13.2.0/../../../../arm-none-eabi/lib/thumb\libsysbase.a(libsysbase_libsysbase_a-syscall_support.o)
                0x02006f58                __libc_lock_release
 .text.__libc_lock_acquire_recursive
                0x02006f70       0x18 C:/DevkitPro/devkitARM/bin/../lib/gcc/arm-none-eabi/13.2.0/../../../../arm-none-eabi/lib/thumb\libsysbase.a(libsysbase_libsysbase_a-syscall_support.o)
                0x02006f70                __libc_lock_acquire_recursive
 .text.__libc_lock_release_recursive
                0x02006f88       0x18 C:/DevkitPro/devkitARM/bin/../lib/gcc/arm-none-eabi/13.2.0/../../../../arm-none-eabi/lib/thumb\libsysbase.a(libsysbase_libsysbase_a-syscall_support.o)
                0x02006f88                __libc_lock_release_recursive
 .text._write_r
                0x02006fa0       0x50 C:/DevkitPro/devkitARM/bin/../lib/gcc/arm-none-eabi/13.2.0/../../../../arm-none-eabi/lib/thumb\libsysbase.a(libsysbase_libsysbase_a-write.o)
                0x02006fa0                _write_r
 .text.strchr   0x02006ff0       0xc8 C:/DevkitPro/devkitARM/bin/../lib/gcc/arm-none-eabi/13.2.0/../../../../arm-none-eabi/lib/thumb\libg.a(libc_a-strchr.o)
                0x02006ff0                strchr
 .text.strlen   0x020070b8       0x60 C:/DevkitPro/devkitARM/bin/../lib/gcc/arm-none-eabi/13.2.0/../../../../arm-none-eabi/lib/thumb\libg.a(libc_a-strlen.o)
                0x020070b8                strlen
 .text.strncmp  0x02007118       0x78 C:/DevkitPro/devkitARM/bin/../lib/gcc/arm-none-eabi/13.2.0/../../../../arm-none-eabi/lib/thumb\libg.a(libc_a-strncmp.o)
                0x02007118                strncmp
 .text.__errno  0x02007190        0xc C:/DevkitPro/devkitARM/bin/../lib/gcc/arm-none-eabi/13.2.0/../../../../arm-none-eabi/lib/thumb\libg.a(libc_a-errno.o)
                0x02007190                __errno
 *fill*         0x0200719c        0x4 ff
 .text.__errno.__stub
                0x020071a0       0x58 linker stubs
 *(EXCLUDE_FILE(*.twl*) .gnu.warning)
 *(EXCLUDE_FILE(*.twl*) .gnu.linkonce.t*)
 *(.glue_7)
 .glue_7        0x02007200        0x0 linker stubs
 *(.glue_7t)
 .glue_7t       0x02007200        0x0 linker stubs
                0x02007200                        . = ALIGN (0x4)

.vfp11_veneer   0x02007200        0x0
 .vfp11_veneer  0x02007200        0x0 linker stubs

.v4_bx          0x02007200        0x0
 .v4_bx         0x02007200        0x0 linker stubs

.iplt           0x02007200        0x0
 .iplt          0x02007200        0x0 C:/DevkitPro/devkitARM/bin/../lib/gcc/arm-none-eabi/13.2.0/../../../../arm-none-eabi/lib/thumb/ds_arm9_crt0.o

.fini           0x02007200        0xc
 *(.fini)
 .fini          0x02007200        0x4 C:/DevkitPro/devkitARM/bin/../lib/gcc/arm-none-eabi/13.2.0/thumb/crti.o
                0x02007200                _fini
 .fini          0x02007204        0x8 C:/DevkitPro/devkitARM/bin/../lib/gcc/arm-none-eabi/13.2.0/thumb/crtn.o
                0x0200720c                        __text_end = .

.rodata         0x0200720c   0x28859c
 *(EXCLUDE_FILE(*.twl*) .rodata)
 .rodata        0x0200720c       0xcc proyectofinal.o
 *all.rodata*(*)
 *(EXCLUDE_FILE(*.twl*) .roda)
 *(EXCLUDE_FILE(*.twl*) .rodata.*)
 .rodata.soundbank_bin
                0x020072d8   0x288344 soundbank.bin.o
                0x020072d8                soundbank_bin
                0x0228f61c                soundbank_bin_end
 .rodata.AddDevice.str1.4
                0x0228f61c        0x8 C:/DevkitPro/devkitARM/bin/../lib/gcc/arm-none-eabi/13.2.0/../../../../arm-none-eabi/lib/thumb\libsysbase.a(libsysbase_libsysbase_a-iosupport.o)
 .rodata.dotab_stdnull
                0x0228f624       0x80 C:/DevkitPro/devkitARM/bin/../lib/gcc/arm-none-eabi/13.2.0/../../../../arm-none-eabi/lib/thumb\libsysbase.a(libsysbase_libsysbase_a-iosupport.o)
                0x0228f624                dotab_stdnull
 .rodata._ctype_
                0x0228f6a4      0x101 C:/DevkitPro/devkitARM/bin/../lib/gcc/arm-none-eabi/13.2.0/../../../../arm-none-eabi/lib/thumb\libg.a(libc_a-ctype_.o)
                0x0228f6a4                _ctype_
 *(EXCLUDE_FILE(*.twl*) .gnu.linkonce.r*)
                0x0228f7a8                        . = ALIGN (0x4)
 *fill*         0x0228f7a5        0x3 ff

.ARM.extab
 *(.ARM.extab* .gnu.linkonce.armextab.*)
                0x0228f7a8                        __exidx_start = .

ARM.exidx
 *(.ARM.exidx* .gnu.linkonce.armexidx.*)
                0x0228f7a8                        __exidx_end = .
                0x0228f7a8                        . = ALIGN (0x4)
                0x0228f7a8                        PROVIDE (__preinit_array_start = .)

.preinit_array
 *(.preinit_array)
                0x0228f7a8                        PROVIDE (__preinit_array_end = .)
                0x0228f7a8                        PROVIDE (__init_array_start = .)

.init_array     0x0228f7a8        0x4
 *(SORT_BY_NAME(.init_array.*))
 *(.init_array)
 .init_array    0x0228f7a8        0x4 C:/DevkitPro/devkitARM/bin/../lib/gcc/arm-none-eabi/13.2.0/thumb/crtbegin.o
                0x0228f7ac                        PROVIDE (__init_array_end = .)
                [!provide]                        PROVIDE (__fini_array_start = .)

.fini_array     0x0228f7ac        0x4
 *(.fini_array)
 .fini_array    0x0228f7ac        0x4 C:/DevkitPro/devkitARM/bin/../lib/gcc/arm-none-eabi/13.2.0/thumb/crtbegin.o
 *(SORT_BY_NAME(.fini_array.*))
                [!provide]                        PROVIDE (__fini_array_end = .)

.ctors          0x0228f7b0        0x0
 *crtbegin.o(.ctors)
 *(EXCLUDE_FILE(*crtend.o) .ctors)
 *(SORT_BY_NAME(.ctors.*))
 *(.ctors)
                0x0228f7b0                        . = ALIGN (0x4)

.dtors          0x0228f7b0        0x0
 *crtbegin.o(.dtors)
 *(EXCLUDE_FILE(*crtend.o) .dtors)
 *(SORT_BY_NAME(.dtors.*))
 *(.dtors)
                0x0228f7b0                        . = ALIGN (0x4)

.eh_frame       0x0228f7b0        0x4
 *(.eh_frame)
 .eh_frame      0x0228f7b0        0x0 C:/DevkitPro/devkitARM/bin/../lib/gcc/arm-none-eabi/13.2.0/thumb/crtbegin.o
 .eh_frame      0x0228f7b0        0x4 C:/DevkitPro/devkitARM/bin/../lib/gcc/arm-none-eabi/13.2.0/thumb/crtend.o
                0x0228f7b4                        . = ALIGN (0x4)

.rel.dyn        0x0228f7b4        0x0
 .rel.iplt      0x0228f7b4        0x0 C:/DevkitPro/devkitARM/bin/../lib/gcc/arm-none-eabi/13.2.0/../../../../arm-none-eabi/lib/thumb/ds_arm9_crt0.o

.gcc_except_table
                0x0228f7b4        0x0
 *(.gcc_except_table)
                0x0228f7b4                        . = ALIGN (0x4)

.jcr
 *(.jcr)

.got
 *(.got.plt)
 *(.got)
 *(.rel.got)

.ewram          0x0228f7b4        0x0
                0x0228f7b4                        __ewram_start = ABSOLUTE (.)
 *(.ewram)
 *ewram.*(.text)
                0x0228f7b4                        . = ALIGN (0x4)

.data           0x0228f7b4     0x5678
                0x0228f7b4                        __data_start = ABSOLUTE (.)
 *(EXCLUDE_FILE(*.twl*) .data)
 .data          0x0228f7b4     0x4044 proyectofinal.o
                0x0228f7b4                gameMode
                0x0228f7b8                pos_fila_sim
                0x0228f7bc                pos_columna_sim
                0x0228f7c0                animacion_personas
                0x0228f7c4                contador_2
                0x0228f7c8                fila_tiempo_2
                0x0228f7cc                columna_tiempo_2
                0x0228f7d0                fila_record_2
                0x0228f7d4                columna_record_2
                0x0228f7d8                contador_1
                0x0228f7dc                fila_record_1
                0x0228f7e0                columna_record_1
                0x0228f7e4                columna_Vejiga
                0x0228f7e8                fila_Vejiga
                0x0228f7ec                columna_Hambre
                0x0228f7f0                fila_Hambre
                0x0228f7f4                columna_Energia
                0x0228f7f8                fila_Energia
                0x0228f7fc                columna_Social
                0x0228f800                fila_Social
                0x0228f804                columna_Higiene
                0x0228f808                fila_Higiene
                0x0228f80c                columna_Diversion
                0x0228f810                fila_Diversion
                0x0228f814                columna_SaludGeneral
                0x0228f818                fila_SaludGeneral
                0x0228f81c                saludGeneral
                0x0228f820                animacion
                0x0228f824                fila_selector
                0x0228f828                columna_selector
                0x0228f82c                opcion
                0x0228f830                ronquido
                0x0228f83c                ducha
                0x0228f848                retrete
                0x0228f854                voz
                0x0228f860                thewitcher
                0x0228f86c                cocinar
                0x0228f878                persona1_1
                0x0228f8b8                persona2_1
                0x0228f8f8                cesped
                0x0228f938                hojas
                0x0228f978                flor_1
                0x0228f9b8                flor_2
                0x0228f9f8                buzon
                0x0228fa38                basura
                0x0228fa78                baldosas_piscina
                0x0228fab8                escaleras_piscina
                0x0228faf8                agua
                0x0228fb38                pared
                0x0228fb78                puerta
                0x0228fbb8                suelo
                0x0228fbf8                mesa
                0x0228fc38                baldosas_baño1
                0x0228fc78                baldosas_baño2
                0x0228fcb8                alfrombra_baño
                0x0228fcf8                bañera1
                0x0228fd38                bañera2
                0x0228fd78                vater1
                0x0228fdb8                vater2
                0x0228fdf8                cama
                0x0228fe38                almohada
                0x0228fe78                telefono
                0x0228feb8                tele
                0x0228fef8                alfombra1
                0x0228ff38                alfombra2
                0x0228ff78                sofa1
                0x0228ffb8                sofa2
                0x0228fff8                silla
                0x02290038                encimera
                0x02290078                cocina
                0x022900b8                sim_1
                0x022900f8                sim_2
                0x02290138                sim_3
                0x02290178                sim_4
                0x022901b8                persona1_2
                0x022901f8                persona2_2
                0x02290238                carretera
                0x02290278                sombra_tejado
                0x022902b8                selector
                0x022902f8                a_1
                0x02290338                c_1
                0x02290378                d_1
                0x022903b8                e_1
                0x022903f8                E_1
                0x02290438                g_1
                0x02290478                i_1
                0x022904b8                l_1
                0x022904f8                m_1
                0x02290538                n_1
                0x02290578                o_1
                0x022905b8                P_1
                0x022905f8                s_1
                0x02290638                t_1
                0x02290678                u_1
                0x022906b8                dos_puntos_1
                0x022906f8                vida_verde
                0x02290738                vida_amarilla
                0x02290778                vida_roja
                0x022907b8                bordes
                0x022907f8                fondo
                0x02290838                fondo_interfaz
                0x02290878                pelo
                0x022908b8                carne
                0x022908f8                camiseta
                0x02290938                fondo_blanco
                0x02290978                dos_puntos
                0x022909b8                cero
                0x022909f8                uno
                0x02290a38                dos
                0x02290a78                tres
                0x02290ab8                cuatro
                0x02290af8                cinco
                0x02290b38                seis
                0x02290b78                siete
                0x02290bb8                ocho
                0x02290bf8                nueve
                0x02290c38                a
                0x02290c78                b
                0x02290cb8                c
                0x02290cf8                d
                0x02290d38                D
                0x02290d78                e
                0x02290db8                E
                0x02290df8                g
                0x02290e38                H
                0x02290e78                i
                0x02290eb8                j
                0x02290ef8                l
                0x02290f38                m
                0x02290f78                n
                0x02290fb8                o
                0x02290ff8                p
                0x02291038                r
                0x02291078                R
                0x022910b8                s
                0x022910f8                S
                0x02291138                T
                0x02291178                v
                0x022911b8                V
                0x022911f8                N
                0x02291238                C
                0x02291278                t
                0x022912b8                u
                0x022912f8                flecha_izq
                0x02291338                flecha_der
                0x02291378                flecha_arr
                0x022913b8                flecha_aba
                0x022913f8                mapDataSub3
                0x022919f8                mapDataSub2
                0x02291ff8                mapDataSub1_2
                0x022925f8                mapDataSub1_1
                0x02292bf8                mapData2
                0x022931f8                mapData1
 .data          0x022937f8       0x28 C:/DevkitPro/libnds/lib\libnds9.a(mpu_setup.o)
 *(EXCLUDE_FILE(*.twl*) .data.*)
 .data.count    0x02293820        0x1 C:/DevkitPro/libnds/lib\libnds9.a(keys.o)
 .data.delay    0x02293821        0x1 C:/DevkitPro/libnds/lib\libnds9.a(keys.o)
 .data.repeat   0x02293822        0x1 C:/DevkitPro/libnds/lib\libnds9.a(keys.o)
 *fill*         0x02293823        0x1 ff
 .data.fifo_buffer_free
                0x02293824        0x4 C:/DevkitPro/libnds/lib\libnds9.a(fifosystem.o)
                0x02293824                fifo_buffer_free
 .data.fifo_freewords
                0x02293828        0x4 C:/DevkitPro/libnds/lib\libnds9.a(fifosystem.o)
                0x02293828                fifo_freewords
 .data.fifo_receive_queue
                0x0229382c        0x4 C:/DevkitPro/libnds/lib\libnds9.a(fifosystem.o)
                0x0229382c                fifo_receive_queue
 .data.fifo_send_queue
                0x02293830        0x4 C:/DevkitPro/libnds/lib\libnds9.a(fifosystem.o)
                0x02293830                fifo_send_queue
 .data.__malloc_sbrk_base
                0x02293834        0x4 C:/DevkitPro/devkitARM/bin/../lib/gcc/arm-none-eabi/13.2.0/../../../../arm-none-eabi/lib/thumb\libg.a(libc_a-mallocr.o)
                0x02293834                __malloc_sbrk_base
 .data.__malloc_trim_threshold
                0x02293838        0x4 C:/DevkitPro/devkitARM/bin/../lib/gcc/arm-none-eabi/13.2.0/../../../../arm-none-eabi/lib/thumb\libg.a(libc_a-mallocr.o)
                0x02293838                __malloc_trim_threshold
 *fill*         0x0229383c        0x4 ff
 .data.__malloc_av_
                0x02293840      0x408 C:/DevkitPro/devkitARM/bin/../lib/gcc/arm-none-eabi/13.2.0/../../../../arm-none-eabi/lib/thumb\libg.a(libc_a-mallocr.o)
                0x02293840                __malloc_av_
 .data.__sglue  0x02293c48        0xc C:/DevkitPro/devkitARM/bin/../lib/gcc/arm-none-eabi/13.2.0/../../../../arm-none-eabi/lib/thumb\libg.a(libc_a-findfp.o)
                0x02293c48                __sglue
 .data._impure_ptr
                0x02293c54        0x4 C:/DevkitPro/devkitARM/bin/../lib/gcc/arm-none-eabi/13.2.0/../../../../arm-none-eabi/lib/thumb\libg.a(libc_a-impure.o)
                0x02293c54                _impure_ptr
 .data._impure_data
                0x02293c58      0x120 C:/DevkitPro/devkitARM/bin/../lib/gcc/arm-none-eabi/13.2.0/../../../../arm-none-eabi/lib/thumb\libg.a(libc_a-impure.o)
                0x02293c58                _impure_data
 .data.handles  0x02293d78     0x1000 C:/DevkitPro/devkitARM/bin/../lib/gcc/arm-none-eabi/13.2.0/../../../../arm-none-eabi/lib/thumb\libsysbase.a(libsysbase_libsysbase_a-handle_manager.o)
 .data.__stderr_handle
                0x02294d78        0xc C:/DevkitPro/devkitARM/bin/../lib/gcc/arm-none-eabi/13.2.0/../../../../arm-none-eabi/lib/thumb\libsysbase.a(libsysbase_libsysbase_a-handle_manager.o)
 .data.__stdout_handle
                0x02294d84        0xc C:/DevkitPro/devkitARM/bin/../lib/gcc/arm-none-eabi/13.2.0/../../../../arm-none-eabi/lib/thumb\libsysbase.a(libsysbase_libsysbase_a-handle_manager.o)
 .data.__stdin_handle
                0x02294d90        0xc C:/DevkitPro/devkitARM/bin/../lib/gcc/arm-none-eabi/13.2.0/../../../../arm-none-eabi/lib/thumb\libsysbase.a(libsysbase_libsysbase_a-handle_manager.o)
 .data.devoptab_list
                0x02294d9c       0x8c C:/DevkitPro/devkitARM/bin/../lib/gcc/arm-none-eabi/13.2.0/../../../../arm-none-eabi/lib/thumb\libsysbase.a(libsysbase_libsysbase_a-iosupport.o)
                0x02294d9c                devoptab_list
 .data.defaultDevice
                0x02294e28        0x4 C:/DevkitPro/devkitARM/bin/../lib/gcc/arm-none-eabi/13.2.0/../../../../arm-none-eabi/lib/thumb\libsysbase.a(libsysbase_libsysbase_a-iosupport.o)
 *(EXCLUDE_FILE(*.twl*) .gnu.linkonce.d*)
                0x02294e2c                        . = ALIGN (0x4)
                0x02294e2c                        __data_end = ABSOLUTE (.)
                0x02294e2c                        __bss_vma = .

.igot.plt       0x02294e2c        0x0
 .igot.plt      0x02294e2c        0x0 C:/DevkitPro/devkitARM/bin/../lib/gcc/arm-none-eabi/13.2.0/../../../../arm-none-eabi/lib/thumb/ds_arm9_crt0.o

.dtcm           0x02ff0000        0x0 load address 0x02294e2c
                0x02294e2c                        __dtcm_lma = LOADADDR (.dtcm)
                0x02ff0000                        __dtcm_start = ABSOLUTE (.)
 *(.dtcm)
 *(.dtcm.*)
                0x02ff0000                        . = ALIGN (0x4)
                0x02ff0000                        __dtcm_end = ABSOLUTE (.)

.itcm           0x01000100      0x194 load address 0x02294e2c
                0x02294e2c                        __itcm_lma = LOADADDR (.itcm)
                0x01000100                        __itcm_start = ABSOLUTE (.)
 *(.itcm)
 .itcm          0x01000100       0xc8 C:/DevkitPro/libnds/lib\libnds9.a(interrupts.o)
                0x01000100                irqTable
 .itcm          0x010001c8       0xcc C:/DevkitPro/libnds/lib\libnds9.a(interruptDispatcher.o)
                0x010001c8                IntrMain
 *.itcm*(.text .stub .text.*)
                0x01000294                        . = ALIGN (0x4)
                0x01000294                        __itcm_end = ABSOLUTE (.)

.vectors        0x01000000        0x0 load address 0x02294fc0
                0x02294fc0                        __vectors_lma = LOADADDR (.vectors)
                0x01000000                        __vectors_start = ABSOLUTE (.)
 *(.vectors .vectors.*)
                0x01000000                        . = ALIGN (0x4)
                0x01000000                        __vectors_end = ABSOLUTE (.)

.sbss           0x02ff0000        0x0
                0x02ff0000                        __sbss_start = ABSOLUTE (.)
                0x02ff0000                        __sbss_start__ = ABSOLUTE (.)
 *(.sbss)
                0x02ff0000                        . = ALIGN (0x4)
                0x02ff0000                        __sbss_end = ABSOLUTE (.)

.bss            0x02294e2c      0xd10
                0x02294e2c                        __bss_start = ABSOLUTE (.)
                0x02294e2c                        __bss_start__ = ABSOLUTE (.)
 *(EXCLUDE_FILE(*.twl*) .dynbss)
 *(EXCLUDE_FILE(*.twl*) .gnu.linkonce.b*)
 *(EXCLUDE_FILE(*.twl*) .bss*)
 .bss.completed.1
                0x02294e2c        0x1 C:/DevkitPro/devkitARM/bin/../lib/gcc/arm-none-eabi/13.2.0/thumb/crtbegin.o
 *fill*         0x02294e2d        0x3 
 .bss.object.0  0x02294e30       0x18 C:/DevkitPro/devkitARM/bin/../lib/gcc/arm-none-eabi/13.2.0/thumb/crtbegin.o
 .bss           0x02294e48       0x60 proyectofinal.o
                0x02294e48                estado
                0x02294e4c                temporizador4
                0x02294e50                temporizador1
                0x02294e54                cambio
                0x02294e58                pos_fila_persona1
                0x02294e5c                pos_columna_persona1
                0x02294e60                pos_fila_persona2
                0x02294e64                pos_columna_persona2
                0x02294e68                temporizador3
                0x02294e6c                tiempo
                0x02294e70                copia_tiempo
                0x02294e74                record
                0x02294e78                copia_record_2
                0x02294e7c                copia_record_1
                0x02294e80                vejiga
                0x02294e81                hambre
                0x02294e82                energia
                0x02294e83                social
                0x02294e84                higiene
                0x02294e85                diversion
                0x02294e86                salud
                0x02294e87                tele_encendida
                0x02294e88                pos_mapMemory
                0x02294e8c                pos_mapData
                0x02294e90                pos_mapMemorySub
                0x02294e94                pos_mapDataSub
                0x02294e98                columna
                0x02294e9c                fila
                0x02294ea0                amb
                0x02294ea4                temporizador2
 .bss           0x02294ea8       0x18 C:/DevkitPro/libnds/lib\libmm9.a(mm_comms.o)
 .bss           0x02294ec0       0x19 C:/DevkitPro/libnds/lib\libmm9.a(mm_main9.o)
                0x02294ec0                mmcbMemory
                0x02294ec4                mmModuleCount
                0x02294ec8                mmSampleCount
                0x02294ecc                mmMemoryBank
                0x02294ecc                mmModuleBank
                0x02294ed0                mmSampleBank
                0x02294ed4                mmCallback
                0x02294ed8                mmActiveStatus
 *fill*         0x02294ed9        0x3 
 .bss           0x02294edc       0x44 C:/DevkitPro/libnds/lib\libmm9.a(mm_soundbank.o)
 .bss.keys      0x02294f20        0x2 C:/DevkitPro/libnds/lib\libnds9.a(keys.o)
 .bss.keysold   0x02294f22        0x2 C:/DevkitPro/libnds/lib\libnds9.a(keys.o)
 .bss.keysrepeat
                0x02294f24        0x2 C:/DevkitPro/libnds/lib\libnds9.a(keys.o)
 .bss.__dsimode
                0x02294f26        0x1 C:/DevkitPro/libnds/lib\libnds9.a(initSystem.o)
                0x02294f26                __dsimode
 *fill*         0x02294f27        0x1 
 .bss.punixTime
                0x02294f28        0x4 C:/DevkitPro/libnds/lib\libnds9.a(initSystem.o)
                0x02294f28                punixTime
 .bss.fifo_address_data
                0x02294f2c       0x40 C:/DevkitPro/libnds/lib\libnds9.a(fifosystem.o)
                0x02294f2c                fifo_address_data
 .bss.fifo_address_func
                0x02294f6c       0x40 C:/DevkitPro/libnds/lib\libnds9.a(fifosystem.o)
                0x02294f6c                fifo_address_func
 .bss.fifo_address_queue
                0x02294fac       0x40 C:/DevkitPro/libnds/lib\libnds9.a(fifosystem.o)
                0x02294fac                fifo_address_queue
 .bss.fifo_buffer
                0x02294fec      0x800 C:/DevkitPro/libnds/lib\libnds9.a(fifosystem.o)
                0x02294fec                fifo_buffer
 .bss.fifo_data_queue
                0x022957ec       0x40 C:/DevkitPro/libnds/lib\libnds9.a(fifosystem.o)
                0x022957ec                fifo_data_queue
 .bss.fifo_datamsg_data
                0x0229582c       0x40 C:/DevkitPro/libnds/lib\libnds9.a(fifosystem.o)
                0x0229582c                fifo_datamsg_data
 .bss.fifo_datamsg_func
                0x0229586c       0x40 C:/DevkitPro/libnds/lib\libnds9.a(fifosystem.o)
                0x0229586c                fifo_datamsg_func
 .bss.fifo_value32_data
                0x022958ac       0x40 C:/DevkitPro/libnds/lib\libnds9.a(fifosystem.o)
                0x022958ac                fifo_value32_data
 .bss.fifo_value32_func
                0x022958ec       0x40 C:/DevkitPro/libnds/lib\libnds9.a(fifosystem.o)
                0x022958ec                fifo_value32_func
 .bss.fifo_value32_queue
                0x0229592c       0x40 C:/DevkitPro/libnds/lib\libnds9.a(fifosystem.o)
                0x0229592c                fifo_value32_queue
 .bss.processing
                0x0229596c        0x4 C:/DevkitPro/libnds/lib\libnds9.a(fifosystem.o)
                0x0229596c                processing
 .bss.SDcallback
                0x02295970        0x4 C:/DevkitPro/libnds/lib\libnds9.a(system.o)
 .bss.__malloc_current_mallinfo
                0x02295974       0x28 C:/DevkitPro/devkitARM/bin/../lib/gcc/arm-none-eabi/13.2.0/../../../../arm-none-eabi/lib/thumb\libg.a(libc_a-mallocr.o)
                0x02295974                __malloc_current_mallinfo
 .bss.__malloc_max_total_mem
                0x0229599c        0x4 C:/DevkitPro/devkitARM/bin/../lib/gcc/arm-none-eabi/13.2.0/../../../../arm-none-eabi/lib/thumb\libg.a(libc_a-mallocr.o)
                0x0229599c                __malloc_max_total_mem
 .bss.__malloc_max_sbrked_mem
                0x022959a0        0x4 C:/DevkitPro/devkitARM/bin/../lib/gcc/arm-none-eabi/13.2.0/../../../../arm-none-eabi/lib/thumb\libg.a(libc_a-mallocr.o)
                0x022959a0                __malloc_max_sbrked_mem
 .bss.__malloc_top_pad
                0x022959a4        0x4 C:/DevkitPro/devkitARM/bin/../lib/gcc/arm-none-eabi/13.2.0/../../../../arm-none-eabi/lib/thumb\libg.a(libc_a-mallocr.o)
                0x022959a4                __malloc_top_pad
 .bss.__malloc_recursive_mutex
                0x022959a8        0xc C:/DevkitPro/devkitARM/bin/../lib/gcc/arm-none-eabi/13.2.0/../../../../arm-none-eabi/lib/thumb\libg.a(libc_a-mlock.o)
 .bss.__sfp_recursive_mutex
                0x022959b4        0xc C:/DevkitPro/devkitARM/bin/../lib/gcc/arm-none-eabi/13.2.0/../../../../arm-none-eabi/lib/thumb\libg.a(libc_a-findfp.o)
 .bss.__sf      0x022959c0      0x168 C:/DevkitPro/devkitARM/bin/../lib/gcc/arm-none-eabi/13.2.0/../../../../arm-none-eabi/lib/thumb\libg.a(libc_a-findfp.o)
                0x022959c0                __sf
 .bss.__stdio_exit_handler
                0x02295b28        0x4 C:/DevkitPro/devkitARM/bin/../lib/gcc/arm-none-eabi/13.2.0/../../../../arm-none-eabi/lib/thumb\libg.a(libc_a-findfp.o)
                0x02295b28                __stdio_exit_handler
 .bss.__hndl_lock
                0x02295b2c        0x4 C:/DevkitPro/devkitARM/bin/../lib/gcc/arm-none-eabi/13.2.0/../../../../arm-none-eabi/lib/thumb\libsysbase.a(libsysbase_libsysbase_a-handle_manager.o)
 .bss.fake_heap_start
                0x02295b30        0x4 C:/DevkitPro/devkitARM/bin/../lib/gcc/arm-none-eabi/13.2.0/../../../../arm-none-eabi/lib/thumb\libsysbase.a(libsysbase_libsysbase_a-malloc_vars.o)
                0x02295b30                fake_heap_start
 .bss.fake_heap_end
                0x02295b34        0x4 C:/DevkitPro/devkitARM/bin/../lib/gcc/arm-none-eabi/13.2.0/../../../../arm-none-eabi/lib/thumb\libsysbase.a(libsysbase_libsysbase_a-malloc_vars.o)
                0x02295b34                fake_heap_end
 .bss.heap_start.0
                0x02295b38        0x4 C:/DevkitPro/devkitARM/bin/../lib/gcc/arm-none-eabi/13.2.0/../../../../arm-none-eabi/lib/thumb\libsysbase.a(libsysbase_libsysbase_a-sbrk.o)
 *(EXCLUDE_FILE(*.twl*) COMMON)
                0x02295b3c                        . = ALIGN (0x4)
                0x02295b3c                        __bss_end__ = ABSOLUTE (.)
                0x02295b3c                        __end__ = ABSOLUTE (.)

.twl            0x02295b3c        0x0 load address 0x02400000
                0x02400000                        __arm9i_lma__ = LOADADDR (.twl)
                0x02295b3c                        __arm9i_start__ = ABSOLUTE (.)
 *(.twl)
 *.twl*(.text .stub .text.* .gnu.linkonce.t.*)
 *.twl*(.rodata)
 *.twl*(.roda)
 *.twl*(.rodata.*)
 *.twl*(.data)
 *.twl*(.data.*)
 *.twl*(.gnu.linkonce.d*)
                0x02295b3c                        __arm9i_end__ = ABSOLUTE (.)

.twl_bss        0x02295b3c        0x0
                0x02295b3c                        __twl_bss_start__ = ABSOLUTE (.)
 *(.twl_bss)
 *.twl*(.dynbss)
 *.twl*(.gnu.linkonce.b*)
 *.twl*(.bss*)
 *.twl*(COMMON)
                0x02295b3c                        . = ALIGN (0x4)
                0x02295b3c                        __twl_bss_end__ = ABSOLUTE (.)
                0x02295b3c                        __twl_end__ = ABSOLUTE (.)

.stab
 *(.stab)

.stabstr
 *(.stabstr)

.stab.excl
 *(.stab.excl)

.stab.exclstr
 *(.stab.exclstr)

.stab.index
 *(.stab.index)

.stab.indexstr
 *(.stab.indexstr)

.comment        0x00000000       0x46
 *(.comment)
 .comment       0x00000000       0x46 C:/DevkitPro/devkitARM/bin/../lib/gcc/arm-none-eabi/13.2.0/thumb/crtbegin.o
                                 0x24 (size before relaxing)
 .comment       0x00000046       0x24 proyectofinal.o
 .comment       0x00000046       0x24 C:/DevkitPro/libnds/lib\libnds9.a(keys.o)
 .comment       0x00000046       0x24 C:/DevkitPro/libnds/lib\libnds9.a(initSystem.o)
 .comment       0x00000046       0x24 C:/DevkitPro/libnds/lib\libnds9.a(securearea.o)
 .comment       0x00000046       0x24 C:/DevkitPro/libnds/lib\libnds9.a(interrupts.o)
 .comment       0x00000046       0x24 C:/DevkitPro/libnds/lib\libnds9.a(libnds_exit.arm.o)
 .comment       0x00000046       0x24 C:/DevkitPro/libnds/lib\libnds9.a(fifosystem.o)
 .comment       0x00000046       0x24 C:/DevkitPro/libnds/lib\libnds9.a(video.o)
 .comment       0x00000046       0x24 C:/DevkitPro/libnds/lib\libnds9.a(system.o)
 .comment       0x00000046       0x24 C:/DevkitPro/devkitARM/bin/../lib/gcc/arm-none-eabi/13.2.0/../../../../arm-none-eabi/lib/thumb\libg.a(libc_a-fclose.o)
 .comment       0x00000046       0x24 C:/DevkitPro/devkitARM/bin/../lib/gcc/arm-none-eabi/13.2.0/../../../../arm-none-eabi/lib/thumb\libg.a(libc_a-malloc.o)
 .comment       0x00000046       0x24 C:/DevkitPro/devkitARM/bin/../lib/gcc/arm-none-eabi/13.2.0/../../../../arm-none-eabi/lib/thumb\libg.a(libc_a-mallocr.o)
 .comment       0x00000046       0x24 C:/DevkitPro/devkitARM/bin/../lib/gcc/arm-none-eabi/13.2.0/../../../../arm-none-eabi/lib/thumb\libg.a(libc_a-mlock.o)
 .comment       0x00000046       0x24 C:/DevkitPro/devkitARM/bin/../lib/gcc/arm-none-eabi/13.2.0/../../../../arm-none-eabi/lib/thumb\libg.a(libc_a-fopen.o)
 .comment       0x00000046       0x24 C:/DevkitPro/devkitARM/bin/../lib/gcc/arm-none-eabi/13.2.0/../../../../arm-none-eabi/lib/thumb\libg.a(libc_a-fflush.o)
 .comment       0x00000046       0x24 C:/DevkitPro/devkitARM/bin/../lib/gcc/arm-none-eabi/13.2.0/../../../../arm-none-eabi/lib/thumb\libg.a(libc_a-fwalk.o)
 .comment       0x00000046       0x24 C:/DevkitPro/devkitARM/bin/../lib/gcc/arm-none-eabi/13.2.0/../../../../arm-none-eabi/lib/thumb\libg.a(libc_a-fread.o)
 .comment       0x00000046       0x24 C:/DevkitPro/devkitARM/bin/../lib/gcc/arm-none-eabi/13.2.0/../../../../arm-none-eabi/lib/thumb\libg.a(libc_a-findfp.o)
 .comment       0x00000046       0x24 C:/DevkitPro/devkitARM/bin/../lib/gcc/arm-none-eabi/13.2.0/../../../../arm-none-eabi/lib/thumb\libg.a(libc_a-fseek.o)
 .comment       0x00000046       0x24 C:/DevkitPro/devkitARM/bin/../lib/gcc/arm-none-eabi/13.2.0/../../../../arm-none-eabi/lib/thumb\libg.a(libc_a-memcpy-stub.o)
 .comment       0x00000046       0x24 C:/DevkitPro/devkitARM/bin/../lib/gcc/arm-none-eabi/13.2.0/../../../../arm-none-eabi/lib/thumb\libg.a(libc_a-impure.o)
 .comment       0x00000046       0x24 C:/DevkitPro/devkitARM/bin/../lib/gcc/arm-none-eabi/13.2.0/../../../../arm-none-eabi/lib/thumb\libg.a(libc_a-init.o)
 .comment       0x00000046       0x24 C:/DevkitPro/devkitARM/bin/../lib/gcc/arm-none-eabi/13.2.0/../../../../arm-none-eabi/lib/thumb\libg.a(libc_a-makebuf.o)
 .comment       0x00000046       0x24 C:/DevkitPro/devkitARM/bin/../lib/gcc/arm-none-eabi/13.2.0/../../../../arm-none-eabi/lib/thumb\libg.a(libc_a-refill.o)
 .comment       0x00000046       0x24 C:/DevkitPro/devkitARM/bin/../lib/gcc/arm-none-eabi/13.2.0/../../../../arm-none-eabi/lib/thumb\libg.a(libc_a-stdio.o)
 .comment       0x00000046       0x24 C:/DevkitPro/devkitARM/bin/../lib/gcc/arm-none-eabi/13.2.0/../../../../arm-none-eabi/lib/thumb\libg.a(libc_a-freer.o)
 .comment       0x00000046       0x24 C:/DevkitPro/devkitARM/bin/../lib/gcc/arm-none-eabi/13.2.0/../../../../arm-none-eabi/lib/thumb\libg.a(libc_a-fseeko.o)
 .comment       0x00000046       0x24 C:/DevkitPro/devkitARM/bin/../lib/gcc/arm-none-eabi/13.2.0/../../../../arm-none-eabi/lib/thumb\libg.a(libc_a-memset.o)
 .comment       0x00000046       0x24 C:/DevkitPro/devkitARM/bin/../lib/gcc/arm-none-eabi/13.2.0/../../../../arm-none-eabi/lib/thumb\libg.a(libc_a-flags.o)
 .comment       0x00000046       0x24 C:/DevkitPro/devkitARM/bin/../lib/gcc/arm-none-eabi/13.2.0/../../../../arm-none-eabi/lib/thumb\libsysbase.a(libsysbase_libsysbase_a-build_argv.o)
 .comment       0x00000046       0x24 C:/DevkitPro/devkitARM/bin/../lib/gcc/arm-none-eabi/13.2.0/../../../../arm-none-eabi/lib/thumb\libsysbase.a(libsysbase_libsysbase_a-fstat.o)
 .comment       0x00000046       0x24 C:/DevkitPro/devkitARM/bin/../lib/gcc/arm-none-eabi/13.2.0/../../../../arm-none-eabi/lib/thumb\libsysbase.a(libsysbase_libsysbase_a-getreent.o)
 .comment       0x00000046       0x24 C:/DevkitPro/devkitARM/bin/../lib/gcc/arm-none-eabi/13.2.0/../../../../arm-none-eabi/lib/thumb\libsysbase.a(libsysbase_libsysbase_a-handle_manager.o)
 .comment       0x00000046       0x24 C:/DevkitPro/devkitARM/bin/../lib/gcc/arm-none-eabi/13.2.0/../../../../arm-none-eabi/lib/thumb\libsysbase.a(libsysbase_libsysbase_a-iosupport.o)
 .comment       0x00000046       0x24 C:/DevkitPro/devkitARM/bin/../lib/gcc/arm-none-eabi/13.2.0/../../../../arm-none-eabi/lib/thumb\libsysbase.a(libsysbase_libsysbase_a-isatty.o)
 .comment       0x00000046       0x24 C:/DevkitPro/devkitARM/bin/../lib/gcc/arm-none-eabi/13.2.0/../../../../arm-none-eabi/lib/thumb\libsysbase.a(libsysbase_libsysbase_a-lseek.o)
 .comment       0x00000046       0x24 C:/DevkitPro/devkitARM/bin/../lib/gcc/arm-none-eabi/13.2.0/../../../../arm-none-eabi/lib/thumb\libsysbase.a(libsysbase_libsysbase_a-malloc_vars.o)
 .comment       0x00000046       0x24 C:/DevkitPro/devkitARM/bin/../lib/gcc/arm-none-eabi/13.2.0/../../../../arm-none-eabi/lib/thumb\libsysbase.a(libsysbase_libsysbase_a-open.o)
 .comment       0x00000046       0x24 C:/DevkitPro/devkitARM/bin/../lib/gcc/arm-none-eabi/13.2.0/../../../../arm-none-eabi/lib/thumb\libsysbase.a(libsysbase_libsysbase_a-read.o)
 .comment       0x00000046       0x24 C:/DevkitPro/devkitARM/bin/../lib/gcc/arm-none-eabi/13.2.0/../../../../arm-none-eabi/lib/thumb\libsysbase.a(libsysbase_libsysbase_a-sbrk.o)
 .comment       0x00000046       0x24 C:/DevkitPro/devkitARM/bin/../lib/gcc/arm-none-eabi/13.2.0/../../../../arm-none-eabi/lib/thumb\libsysbase.a(libsysbase_libsysbase_a-syscall_support.o)
 .comment       0x00000046       0x24 C:/DevkitPro/devkitARM/bin/../lib/gcc/arm-none-eabi/13.2.0/../../../../arm-none-eabi/lib/thumb\libsysbase.a(libsysbase_libsysbase_a-write.o)
 .comment       0x00000046       0x24 C:/DevkitPro/devkitARM/bin/../lib/gcc/arm-none-eabi/13.2.0/../../../../arm-none-eabi/lib/thumb\libg.a(libc_a-ctype_.o)
 .comment       0x00000046       0x24 C:/DevkitPro/devkitARM/bin/../lib/gcc/arm-none-eabi/13.2.0/../../../../arm-none-eabi/lib/thumb\libg.a(libc_a-strchr.o)
 .comment       0x00000046       0x24 C:/DevkitPro/devkitARM/bin/../lib/gcc/arm-none-eabi/13.2.0/../../../../arm-none-eabi/lib/thumb\libg.a(libc_a-strlen.o)
 .comment       0x00000046       0x24 C:/DevkitPro/devkitARM/bin/../lib/gcc/arm-none-eabi/13.2.0/../../../../arm-none-eabi/lib/thumb\libg.a(libc_a-strncmp.o)
 .comment       0x00000046       0x24 C:/DevkitPro/devkitARM/bin/../lib/gcc/arm-none-eabi/13.2.0/../../../../arm-none-eabi/lib/thumb\libg.a(libc_a-errno.o)
 .comment       0x00000046       0x24 C:/DevkitPro/devkitARM/bin/../lib/gcc/arm-none-eabi/13.2.0/thumb/crtend.o

.ARM.attributes
                0x00000000       0x2d
 .ARM.attributes
                0x00000000       0x21 C:/DevkitPro/devkitARM/bin/../lib/gcc/arm-none-eabi/13.2.0/../../../../arm-none-eabi/lib/thumb/ds_arm9_crt0.o
 .ARM.attributes
                0x00000021       0x1c C:/DevkitPro/devkitARM/bin/../lib/gcc/arm-none-eabi/13.2.0/thumb/crti.o
 .ARM.attributes
                0x0000003d       0x2a C:/DevkitPro/devkitARM/bin/../lib/gcc/arm-none-eabi/13.2.0/thumb/crtbegin.o
 .ARM.attributes
                0x00000067       0x1a soundbank.bin.o
 .ARM.attributes
                0x00000081       0x27 proyectofinal.o
 .ARM.attributes
                0x000000a8       0x1b C:/DevkitPro/libnds/lib\libmm9.a(mm_comms.o)
 .ARM.attributes
                0x000000c3       0x1b C:/DevkitPro/libnds/lib\libmm9.a(mm_memory.o)
 .ARM.attributes
                0x000000de       0x1b C:/DevkitPro/libnds/lib\libmm9.a(mm_main9.o)
 .ARM.attributes
                0x000000f9       0x1b C:/DevkitPro/libnds/lib\libmm9.a(mm_soundbank.o)
 .ARM.attributes
                0x00000114       0x1b C:/DevkitPro/libnds/lib\libmm9.a(mm_flusher.o)
 .ARM.attributes
                0x0000012f       0x2b C:/DevkitPro/libnds/lib\libnds9.a(keys.o)
 .ARM.attributes
                0x0000015a       0x2b C:/DevkitPro/libnds/lib\libnds9.a(initSystem.o)
 .ARM.attributes
                0x00000185       0x2b C:/DevkitPro/libnds/lib\libnds9.a(securearea.o)
 .ARM.attributes
                0x000001b0       0x2b C:/DevkitPro/libnds/lib\libnds9.a(interrupts.o)
 .ARM.attributes
                0x000001db       0x2b C:/DevkitPro/libnds/lib\libnds9.a(libnds_exit.arm.o)
 .ARM.attributes
                0x00000206       0x2b C:/DevkitPro/libnds/lib\libnds9.a(fifosystem.o)
 .ARM.attributes
                0x00000231       0x21 C:/DevkitPro/libnds/lib\libnds9.a(mpu_setup.o)
 .ARM.attributes
                0x00000252       0x21 C:/DevkitPro/libnds/lib\libnds9.a(IntrWait.o)
 .ARM.attributes
                0x00000273       0x21 C:/DevkitPro/libnds/lib\libnds9.a(cpu_clock.o)
 .ARM.attributes
                0x00000294       0x1b C:/DevkitPro/libnds/lib\libnds9.a(interruptDispatcher.o)
 .ARM.attributes
                0x000002af       0x21 C:/DevkitPro/libnds/lib\libnds9.a(swiSoftReset.o)
 .ARM.attributes
                0x000002d0       0x2b C:/DevkitPro/libnds/lib\libnds9.a(video.o)
 .ARM.attributes
                0x000002fb       0x2b C:/DevkitPro/libnds/lib\libnds9.a(system.o)
 .ARM.attributes
                0x00000326       0x1b C:/DevkitPro/libnds/lib\libnds9.a(biosCalls.o)
 .ARM.attributes
                0x00000341       0x1c C:/DevkitPro/devkitARM/bin/../lib/gcc/arm-none-eabi/13.2.0/thumb\libgcc.a(_udivsi3.o)
 .ARM.attributes
                0x0000035d       0x1c C:/DevkitPro/devkitARM/bin/../lib/gcc/arm-none-eabi/13.2.0/thumb\libgcc.a(_divsi3.o)
 .ARM.attributes
                0x00000379       0x1c C:/DevkitPro/devkitARM/bin/../lib/gcc/arm-none-eabi/13.2.0/thumb\libgcc.a(_dvmd_tls.o)
 .ARM.attributes
                0x00000395       0x2a C:/DevkitPro/devkitARM/bin/../lib/gcc/arm-none-eabi/13.2.0/../../../../arm-none-eabi/lib/thumb\libg.a(libc_a-fclose.o)
 .ARM.attributes
                0x000003bf       0x2a C:/DevkitPro/devkitARM/bin/../lib/gcc/arm-none-eabi/13.2.0/../../../../arm-none-eabi/lib/thumb\libg.a(libc_a-malloc.o)
 .ARM.attributes
                0x000003e9       0x2a C:/DevkitPro/devkitARM/bin/../lib/gcc/arm-none-eabi/13.2.0/../../../../arm-none-eabi/lib/thumb\libg.a(libc_a-mallocr.o)
 .ARM.attributes
                0x00000413       0x2a C:/DevkitPro/devkitARM/bin/../lib/gcc/arm-none-eabi/13.2.0/../../../../arm-none-eabi/lib/thumb\libg.a(libc_a-mlock.o)
 .ARM.attributes
                0x0000043d       0x2a C:/DevkitPro/devkitARM/bin/../lib/gcc/arm-none-eabi/13.2.0/../../../../arm-none-eabi/lib/thumb\libg.a(libc_a-fopen.o)
 .ARM.attributes
                0x00000467       0x2a C:/DevkitPro/devkitARM/bin/../lib/gcc/arm-none-eabi/13.2.0/../../../../arm-none-eabi/lib/thumb\libg.a(libc_a-fflush.o)
 .ARM.attributes
                0x00000491       0x2a C:/DevkitPro/devkitARM/bin/../lib/gcc/arm-none-eabi/13.2.0/../../../../arm-none-eabi/lib/thumb\libg.a(libc_a-fwalk.o)
 .ARM.attributes
                0x000004bb       0x2a C:/DevkitPro/devkitARM/bin/../lib/gcc/arm-none-eabi/13.2.0/../../../../arm-none-eabi/lib/thumb\libg.a(libc_a-fread.o)
 .ARM.attributes
                0x000004e5       0x2a C:/DevkitPro/devkitARM/bin/../lib/gcc/arm-none-eabi/13.2.0/../../../../arm-none-eabi/lib/thumb\libg.a(libc_a-findfp.o)
 .ARM.attributes
                0x0000050f       0x2a C:/DevkitPro/devkitARM/bin/../lib/gcc/arm-none-eabi/13.2.0/../../../../arm-none-eabi/lib/thumb\libg.a(libc_a-fseek.o)
 .ARM.attributes
                0x00000539       0x2a C:/DevkitPro/devkitARM/bin/../lib/gcc/arm-none-eabi/13.2.0/../../../../arm-none-eabi/lib/thumb\libg.a(libc_a-memcpy-stub.o)
 .ARM.attributes
                0x00000563       0x2a C:/DevkitPro/devkitARM/bin/../lib/gcc/arm-none-eabi/13.2.0/../../../../arm-none-eabi/lib/thumb\libg.a(libc_a-impure.o)
 .ARM.attributes
                0x0000058d       0x2a C:/DevkitPro/devkitARM/bin/../lib/gcc/arm-none-eabi/13.2.0/../../../../arm-none-eabi/lib/thumb\libg.a(libc_a-init.o)
 .ARM.attributes
                0x000005b7       0x2a C:/DevkitPro/devkitARM/bin/../lib/gcc/arm-none-eabi/13.2.0/../../../../arm-none-eabi/lib/thumb\libg.a(libc_a-makebuf.o)
 .ARM.attributes
                0x000005e1       0x2a C:/DevkitPro/devkitARM/bin/../lib/gcc/arm-none-eabi/13.2.0/../../../../arm-none-eabi/lib/thumb\libg.a(libc_a-refill.o)
 .ARM.attributes
                0x0000060b       0x2a C:/DevkitPro/devkitARM/bin/../lib/gcc/arm-none-eabi/13.2.0/../../../../arm-none-eabi/lib/thumb\libg.a(libc_a-stdio.o)
 .ARM.attributes
                0x00000635       0x2a C:/DevkitPro/devkitARM/bin/../lib/gcc/arm-none-eabi/13.2.0/../../../../arm-none-eabi/lib/thumb\libg.a(libc_a-freer.o)
 .ARM.attributes
                0x0000065f       0x2a C:/DevkitPro/devkitARM/bin/../lib/gcc/arm-none-eabi/13.2.0/../../../../arm-none-eabi/lib/thumb\libg.a(libc_a-fseeko.o)
 .ARM.attributes
                0x00000689       0x2a C:/DevkitPro/devkitARM/bin/../lib/gcc/arm-none-eabi/13.2.0/../../../../arm-none-eabi/lib/thumb\libg.a(libc_a-memset.o)
 .ARM.attributes
                0x000006b3       0x2a C:/DevkitPro/devkitARM/bin/../lib/gcc/arm-none-eabi/13.2.0/../../../../arm-none-eabi/lib/thumb\libg.a(libc_a-flags.o)
 .ARM.attributes
                0x000006dd       0x2a C:/DevkitPro/devkitARM/bin/../lib/gcc/arm-none-eabi/13.2.0/../../../../arm-none-eabi/lib/thumb\libsysbase.a(libsysbase_libsysbase_a-build_argv.o)
 .ARM.attributes
                0x00000707       0x2a C:/DevkitPro/devkitARM/bin/../lib/gcc/arm-none-eabi/13.2.0/../../../../arm-none-eabi/lib/thumb\libsysbase.a(libsysbase_libsysbase_a-fstat.o)
 .ARM.attributes
                0x00000731       0x2a C:/DevkitPro/devkitARM/bin/../lib/gcc/arm-none-eabi/13.2.0/../../../../arm-none-eabi/lib/thumb\libsysbase.a(libsysbase_libsysbase_a-getreent.o)
 .ARM.attributes
                0x0000075b       0x2a C:/DevkitPro/devkitARM/bin/../lib/gcc/arm-none-eabi/13.2.0/../../../../arm-none-eabi/lib/thumb\libsysbase.a(libsysbase_libsysbase_a-handle_manager.o)
 .ARM.attributes
                0x00000785       0x2a C:/DevkitPro/devkitARM/bin/../lib/gcc/arm-none-eabi/13.2.0/../../../../arm-none-eabi/lib/thumb\libsysbase.a(libsysbase_libsysbase_a-iosupport.o)
 .ARM.attributes
                0x000007af       0x2a C:/DevkitPro/devkitARM/bin/../lib/gcc/arm-none-eabi/13.2.0/../../../../arm-none-eabi/lib/thumb\libsysbase.a(libsysbase_libsysbase_a-isatty.o)
 .ARM.attributes
                0x000007d9       0x2a C:/DevkitPro/devkitARM/bin/../lib/gcc/arm-none-eabi/13.2.0/../../../../arm-none-eabi/lib/thumb\libsysbase.a(libsysbase_libsysbase_a-lseek.o)
 .ARM.attributes
                0x00000803       0x2a C:/DevkitPro/devkitARM/bin/../lib/gcc/arm-none-eabi/13.2.0/../../../../arm-none-eabi/lib/thumb\libsysbase.a(libsysbase_libsysbase_a-malloc_vars.o)
 .ARM.attributes
                0x0000082d       0x2a C:/DevkitPro/devkitARM/bin/../lib/gcc/arm-none-eabi/13.2.0/../../../../arm-none-eabi/lib/thumb\libsysbase.a(libsysbase_libsysbase_a-open.o)
 .ARM.attributes
                0x00000857       0x2a C:/DevkitPro/devkitARM/bin/../lib/gcc/arm-none-eabi/13.2.0/../../../../arm-none-eabi/lib/thumb\libsysbase.a(libsysbase_libsysbase_a-read.o)
 .ARM.attributes
                0x00000881       0x2a C:/DevkitPro/devkitARM/bin/../lib/gcc/arm-none-eabi/13.2.0/../../../../arm-none-eabi/lib/thumb\libsysbase.a(libsysbase_libsysbase_a-sbrk.o)
 .ARM.attributes
                0x000008ab       0x2a C:/DevkitPro/devkitARM/bin/../lib/gcc/arm-none-eabi/13.2.0/../../../../arm-none-eabi/lib/thumb\libsysbase.a(libsysbase_libsysbase_a-syscall_support.o)
 .ARM.attributes
                0x000008d5       0x2a C:/DevkitPro/devkitARM/bin/../lib/gcc/arm-none-eabi/13.2.0/../../../../arm-none-eabi/lib/thumb\libsysbase.a(libsysbase_libsysbase_a-write.o)
 .ARM.attributes
                0x000008ff       0x2a C:/DevkitPro/devkitARM/bin/../lib/gcc/arm-none-eabi/13.2.0/../../../../arm-none-eabi/lib/thumb\libg.a(libc_a-ctype_.o)
 .ARM.attributes
                0x00000929       0x2a C:/DevkitPro/devkitARM/bin/../lib/gcc/arm-none-eabi/13.2.0/../../../../arm-none-eabi/lib/thumb\libg.a(libc_a-strchr.o)
 .ARM.attributes
                0x00000953       0x2a C:/DevkitPro/devkitARM/bin/../lib/gcc/arm-none-eabi/13.2.0/../../../../arm-none-eabi/lib/thumb\libg.a(libc_a-strlen.o)
 .ARM.attributes
                0x0000097d       0x2a C:/DevkitPro/devkitARM/bin/../lib/gcc/arm-none-eabi/13.2.0/../../../../arm-none-eabi/lib/thumb\libg.a(libc_a-strncmp.o)
 .ARM.attributes
                0x000009a7       0x2a C:/DevkitPro/devkitARM/bin/../lib/gcc/arm-none-eabi/13.2.0/../../../../arm-none-eabi/lib/thumb\libg.a(libc_a-errno.o)
 .ARM.attributes
                0x000009d1       0x2a C:/DevkitPro/devkitARM/bin/../lib/gcc/arm-none-eabi/13.2.0/thumb/crtend.o
 .ARM.attributes
                0x000009fb       0x1c C:/DevkitPro/devkitARM/bin/../lib/gcc/arm-none-eabi/13.2.0/thumb/crtn.o

.debug
 *(.debug)

.line
 *(.line)

.debug_srcinfo
 *(.debug_srcinfo)

.debug_sfnames
 *(.debug_sfnames)

.debug_aranges  0x00000000      0x418
 *(.debug_aranges)
 .debug_aranges
                0x00000000       0x28 proyectofinal.o
 .debug_aranges
                0x00000028       0x50 C:/DevkitPro/libnds/lib\libnds9.a(keys.o)
 .debug_aranges
                0x00000078       0x30 C:/DevkitPro/libnds/lib\libnds9.a(initSystem.o)
 .debug_aranges
                0x000000a8       0x18 C:/DevkitPro/libnds/lib\libnds9.a(securearea.o)
 .debug_aranges
                0x000000c0       0x50 C:/DevkitPro/libnds/lib\libnds9.a(interrupts.o)
 .debug_aranges
                0x00000110       0x28 C:/DevkitPro/libnds/lib\libnds9.a(libnds_exit.arm.o)
 .debug_aranges
                0x00000138       0xb0 C:/DevkitPro/libnds/lib\libnds9.a(fifosystem.o)
 .debug_aranges
                0x000001e8       0x30 C:/DevkitPro/libnds/lib\libnds9.a(mpu_setup.o)
 .debug_aranges
                0x00000218       0x28 C:/DevkitPro/libnds/lib\libnds9.a(IntrWait.o)
 .debug_aranges
                0x00000240       0x20 C:/DevkitPro/libnds/lib\libnds9.a(cpu_clock.o)
 .debug_aranges
                0x00000260       0x20 C:/DevkitPro/libnds/lib\libnds9.a(interruptDispatcher.o)
 .debug_aranges
                0x00000280       0x20 C:/DevkitPro/libnds/lib\libnds9.a(swiSoftReset.o)
 .debug_aranges
                0x000002a0       0x48 C:/DevkitPro/libnds/lib\libnds9.a(video.o)
 .debug_aranges
                0x000002e8       0x68 C:/DevkitPro/libnds/lib\libnds9.a(system.o)
 .debug_aranges
                0x00000350       0xc8 C:/DevkitPro/libnds/lib\libnds9.a(biosCalls.o)

.debug_pubnames
 *(.debug_pubnames)

.debug_info     0x00000000     0x8a0c
 *(.debug_info)
 .debug_info    0x00000000     0x3f2a proyectofinal.o
 .debug_info    0x00003f2a      0x43b C:/DevkitPro/libnds/lib\libnds9.a(keys.o)
 .debug_info    0x00004365     0x113e C:/DevkitPro/libnds/lib\libnds9.a(initSystem.o)
 .debug_info    0x000054a3       0x5a C:/DevkitPro/libnds/lib\libnds9.a(securearea.o)
 .debug_info    0x000054fd      0x68d C:/DevkitPro/libnds/lib\libnds9.a(interrupts.o)
 .debug_info    0x00005b8a      0x367 C:/DevkitPro/libnds/lib\libnds9.a(libnds_exit.arm.o)
 .debug_info    0x00005ef1     0x183f C:/DevkitPro/libnds/lib\libnds9.a(fifosystem.o)
 .debug_info    0x00007730       0x23 C:/DevkitPro/libnds/lib\libnds9.a(mpu_setup.o)
 .debug_info    0x00007753       0x23 C:/DevkitPro/libnds/lib\libnds9.a(IntrWait.o)
 .debug_info    0x00007776       0x24 C:/DevkitPro/libnds/lib\libnds9.a(cpu_clock.o)
 .debug_info    0x0000779a       0x25 C:/DevkitPro/libnds/lib\libnds9.a(interruptDispatcher.o)
 .debug_info    0x000077bf       0x24 C:/DevkitPro/libnds/lib\libnds9.a(swiSoftReset.o)
 .debug_info    0x000077e3      0x790 C:/DevkitPro/libnds/lib\libnds9.a(video.o)
 .debug_info    0x00007f73      0xa76 C:/DevkitPro/libnds/lib\libnds9.a(system.o)
 .debug_info    0x000089e9       0x23 C:/DevkitPro/libnds/lib\libnds9.a(biosCalls.o)

.debug_abbrev   0x00000000     0x1934
 *(.debug_abbrev)
 .debug_abbrev  0x00000000      0x446 proyectofinal.o
 .debug_abbrev  0x00000446      0x1a7 C:/DevkitPro/libnds/lib\libnds9.a(keys.o)
 .debug_abbrev  0x000005ed      0x3e1 C:/DevkitPro/libnds/lib\libnds9.a(initSystem.o)
 .debug_abbrev  0x000009ce       0x47 C:/DevkitPro/libnds/lib\libnds9.a(securearea.o)
 .debug_abbrev  0x00000a15      0x2da C:/DevkitPro/libnds/lib\libnds9.a(interrupts.o)
 .debug_abbrev  0x00000cef      0x1ad C:/DevkitPro/libnds/lib\libnds9.a(libnds_exit.arm.o)
 .debug_abbrev  0x00000e9c      0x4bb C:/DevkitPro/libnds/lib\libnds9.a(fifosystem.o)
 .debug_abbrev  0x00001357       0x12 C:/DevkitPro/libnds/lib\libnds9.a(mpu_setup.o)
 .debug_abbrev  0x00001369       0x12 C:/DevkitPro/libnds/lib\libnds9.a(IntrWait.o)
 .debug_abbrev  0x0000137b       0x14 C:/DevkitPro/libnds/lib\libnds9.a(cpu_clock.o)
 .debug_abbrev  0x0000138f       0x14 C:/DevkitPro/libnds/lib\libnds9.a(interruptDispatcher.o)
 .debug_abbrev  0x000013a3       0x14 C:/DevkitPro/libnds/lib\libnds9.a(swiSoftReset.o)
 .debug_abbrev  0x000013b7      0x24c C:/DevkitPro/libnds/lib\libnds9.a(video.o)
 .debug_abbrev  0x00001603      0x31f C:/DevkitPro/libnds/lib\libnds9.a(system.o)
 .debug_abbrev  0x00001922       0x12 C:/DevkitPro/libnds/lib\libnds9.a(biosCalls.o)

.debug_line     0x00000000     0x8130
 *(.debug_line)
 .debug_line    0x00000000     0x4d25 proyectofinal.o
 .debug_line    0x00004d25      0x399 C:/DevkitPro/libnds/lib\libnds9.a(keys.o)
 .debug_line    0x000050be      0x597 C:/DevkitPro/libnds/lib\libnds9.a(initSystem.o)
 .debug_line    0x00005655       0x8f C:/DevkitPro/libnds/lib\libnds9.a(securearea.o)
 .debug_line    0x000056e4      0x54c C:/DevkitPro/libnds/lib\libnds9.a(interrupts.o)
 .debug_line    0x00005c30      0x23b C:/DevkitPro/libnds/lib\libnds9.a(libnds_exit.arm.o)
 .debug_line    0x00005e6b     0x14f5 C:/DevkitPro/libnds/lib\libnds9.a(fifosystem.o)
 .debug_line    0x00007360       0xe8 C:/DevkitPro/libnds/lib\libnds9.a(mpu_setup.o)
 .debug_line    0x00007448       0x74 C:/DevkitPro/libnds/lib\libnds9.a(IntrWait.o)
 .debug_line    0x000074bc       0x5c C:/DevkitPro/libnds/lib\libnds9.a(cpu_clock.o)
 .debug_line    0x00007518       0x80 C:/DevkitPro/libnds/lib\libnds9.a(interruptDispatcher.o)
 .debug_line    0x00007598       0x57 C:/DevkitPro/libnds/lib\libnds9.a(swiSoftReset.o)
 .debug_line    0x000075ef      0x4b5 C:/DevkitPro/libnds/lib\libnds9.a(video.o)
 .debug_line    0x00007aa4      0x4dc C:/DevkitPro/libnds/lib\libnds9.a(system.o)
 .debug_line    0x00007f80      0x1b0 C:/DevkitPro/libnds/lib\libnds9.a(biosCalls.o)

.debug_frame    0x00000000      0x828
 *(.debug_frame)
 .debug_frame   0x00000000      0x21c proyectofinal.o
 .debug_frame   0x0000021c       0x8c C:/DevkitPro/libnds/lib\libnds9.a(keys.o)
 .debug_frame   0x000002a8       0x5c C:/DevkitPro/libnds/lib\libnds9.a(initSystem.o)
 .debug_frame   0x00000304       0xa4 C:/DevkitPro/libnds/lib\libnds9.a(interrupts.o)
 .debug_frame   0x000003a8       0x38 C:/DevkitPro/libnds/lib\libnds9.a(libnds_exit.arm.o)
 .debug_frame   0x000003e0      0x294 C:/DevkitPro/libnds/lib\libnds9.a(fifosystem.o)
 .debug_frame   0x00000674       0xbc C:/DevkitPro/libnds/lib\libnds9.a(video.o)
 .debug_frame   0x00000730       0xf8 C:/DevkitPro/libnds/lib\libnds9.a(system.o)

.debug_str      0x00000000     0x3045
 *(.debug_str)
 .debug_str     0x00000000     0x3045 proyectofinal.o
                               0x132c (size before relaxing)
 .debug_str     0x00003045      0x420 C:/DevkitPro/libnds/lib\libnds9.a(keys.o)
 .debug_str     0x00003045      0xb81 C:/DevkitPro/libnds/lib\libnds9.a(initSystem.o)
 .debug_str     0x00003045      0x16e C:/DevkitPro/libnds/lib\libnds9.a(securearea.o)
 .debug_str     0x00003045      0x496 C:/DevkitPro/libnds/lib\libnds9.a(interrupts.o)
 .debug_str     0x00003045      0x3e5 C:/DevkitPro/libnds/lib\libnds9.a(libnds_exit.arm.o)
 .debug_str     0x00003045      0x8a9 C:/DevkitPro/libnds/lib\libnds9.a(fifosystem.o)
 .debug_str     0x00003045       0x6c C:/DevkitPro/libnds/lib\libnds9.a(mpu_setup.o)
 .debug_str     0x00003045       0x6b C:/DevkitPro/libnds/lib\libnds9.a(IntrWait.o)
 .debug_str     0x00003045       0x6c C:/DevkitPro/libnds/lib\libnds9.a(cpu_clock.o)
 .debug_str     0x00003045       0x76 C:/DevkitPro/libnds/lib\libnds9.a(interruptDispatcher.o)
 .debug_str     0x00003045       0x6f C:/DevkitPro/libnds/lib\libnds9.a(swiSoftReset.o)
 .debug_str     0x00003045      0xc53 C:/DevkitPro/libnds/lib\libnds9.a(video.o)
 .debug_str     0x00003045      0x798 C:/DevkitPro/libnds/lib\libnds9.a(system.o)
 .debug_str     0x00003045       0x6c C:/DevkitPro/libnds/lib\libnds9.a(biosCalls.o)

.debug_loc
 *(.debug_loc)

.debug_macinfo
 *(.debug_macinfo)

.debug_weaknames
 *(.debug_weaknames)

.debug_funcnames
 *(.debug_funcnames)

.debug_typenames
 *(.debug_typenames)

.debug_varnames
 *(.debug_varnames)

.stack          0x00080000        0x0
                0x00080000                        _stack = .
 *(.stack)
LOAD C:/DevkitPro/devkitARM/bin/../lib/gcc/arm-none-eabi/13.2.0/../../../../arm-none-eabi/lib/thumb/ds_arm9_crt0.o
LOAD C:/DevkitPro/devkitARM/bin/../lib/gcc/arm-none-eabi/13.2.0/thumb/crti.o
LOAD C:/DevkitPro/devkitARM/bin/../lib/gcc/arm-none-eabi/13.2.0/thumb/crtbegin.o
LOAD soundbank.bin.o
LOAD proyectofinal.o
LOAD C:/DevkitPro/libnds/lib\libmm9.a
LOAD C:/DevkitPro/libnds/lib\libnds9.a
START GROUP
LOAD C:/DevkitPro/devkitARM/bin/../lib/gcc/arm-none-eabi/13.2.0/thumb\libgcc.a
LOAD C:/DevkitPro/devkitARM/bin/../lib/gcc/arm-none-eabi/13.2.0/../../../../arm-none-eabi/lib/thumb\libg.a
LOAD C:/DevkitPro/devkitARM/bin/../lib/gcc/arm-none-eabi/13.2.0/../../../../arm-none-eabi/lib/thumb\libc.a
LOAD C:/DevkitPro/devkitARM/bin/../lib/gcc/arm-none-eabi/13.2.0/../../../../arm-none-eabi/lib/thumb\libsysbase.a
END GROUP
LOAD C:/DevkitPro/devkitARM/bin/../lib/gcc/arm-none-eabi/13.2.0/thumb/crtend.o
LOAD C:/DevkitPro/devkitARM/bin/../lib/gcc/arm-none-eabi/13.2.0/thumb/crtn.o
OUTPUT(C:/NDSGameNoemiVillarroya/proyect_with_music/proyect_with_music.elf elf32-littlearm)
LOAD linker stubs

.debug_loclists
                0x00000000     0x2f96
 .debug_loclists
                0x00000000     0x1b99 proyectofinal.o
 .debug_loclists
                0x00001b99       0x17 C:/DevkitPro/libnds/lib\libnds9.a(keys.o)
 .debug_loclists
                0x00001bb0       0xc5 C:/DevkitPro/libnds/lib\libnds9.a(initSystem.o)
 .debug_loclists
                0x00001c75      0x1a5 C:/DevkitPro/libnds/lib\libnds9.a(interrupts.o)
 .debug_loclists
                0x00001e1a       0x48 C:/DevkitPro/libnds/lib\libnds9.a(libnds_exit.arm.o)
 .debug_loclists
                0x00001e62      0xe1a C:/DevkitPro/libnds/lib\libnds9.a(fifosystem.o)
 .debug_loclists
                0x00002c7c      0x1da C:/DevkitPro/libnds/lib\libnds9.a(video.o)
 .debug_loclists
                0x00002e56      0x140 C:/DevkitPro/libnds/lib\libnds9.a(system.o)

.debug_rnglists
                0x00000000      0x677
 .debug_rnglists
                0x00000000      0x17a proyectofinal.o
 .debug_rnglists
                0x0000017a       0x44 C:/DevkitPro/libnds/lib\libnds9.a(keys.o)
 .debug_rnglists
                0x000001be       0x20 C:/DevkitPro/libnds/lib\libnds9.a(initSystem.o)
 .debug_rnglists
                0x000001de       0x8b C:/DevkitPro/libnds/lib\libnds9.a(interrupts.o)
 .debug_rnglists
                0x00000269       0x19 C:/DevkitPro/libnds/lib\libnds9.a(libnds_exit.arm.o)
 .debug_rnglists
                0x00000282      0x2a4 C:/DevkitPro/libnds/lib\libnds9.a(fifosystem.o)
 .debug_rnglists
                0x00000526       0x20 C:/DevkitPro/libnds/lib\libnds9.a(mpu_setup.o)
 .debug_rnglists
                0x00000546       0x19 C:/DevkitPro/libnds/lib\libnds9.a(IntrWait.o)
 .debug_rnglists
                0x0000055f       0x3e C:/DevkitPro/libnds/lib\libnds9.a(video.o)
 .debug_rnglists
                0x0000059d       0x49 C:/DevkitPro/libnds/lib\libnds9.a(system.o)
 .debug_rnglists
                0x000005e6       0x91 C:/DevkitPro/libnds/lib\libnds9.a(biosCalls.o)

.debug_line_str
                0x00000000      0x113
 .debug_line_str
                0x00000000      0x113 C:/DevkitPro/libnds/lib\libnds9.a(mpu_setup.o)
                                 0xdc (size before relaxing)
 .debug_line_str
                0x00000113       0xda C:/DevkitPro/libnds/lib\libnds9.a(IntrWait.o)
 .debug_line_str
                0x00000113       0xdc C:/DevkitPro/libnds/lib\libnds9.a(cpu_clock.o)
 .debug_line_str
                0x00000113       0xe6 C:/DevkitPro/libnds/lib\libnds9.a(interruptDispatcher.o)
 .debug_line_str
                0x00000113       0xd8 C:/DevkitPro/libnds/lib\libnds9.a(swiSoftReset.o)
 .debug_line_str
                0x00000113       0xd2 C:/DevkitPro/libnds/lib\libnds9.a(biosCalls.o)
